Component: Arm Compiler for Embedded 6.23 Tool: armlink [5f102400]

==============================================================================

Section Cross References

    startup_stm32f103xe.o(RESET) refers to startup_stm32f103xe.o(STACK) for __initial_sp
    startup_stm32f103xe.o(RESET) refers to startup_stm32f103xe.o(.text) for Reset_Handler
    startup_stm32f103xe.o(RESET) refers to stm32f1xx_it.o(.text.NMI_Handler) for NMI_Handler
    startup_stm32f103xe.o(RESET) refers to stm32f1xx_it.o(.text.HardFault_Handler) for HardFault_Handler
    startup_stm32f103xe.o(RESET) refers to stm32f1xx_it.o(.text.MemManage_Handler) for MemManage_Handler
    startup_stm32f103xe.o(RESET) refers to stm32f1xx_it.o(.text.BusFault_Handler) for BusFault_Handler
    startup_stm32f103xe.o(RESET) refers to stm32f1xx_it.o(.text.UsageFault_Handler) for UsageFault_Handler
    startup_stm32f103xe.o(RESET) refers to stm32f1xx_it.o(.text.SVC_Handler) for SVC_Handler
    startup_stm32f103xe.o(RESET) refers to stm32f1xx_it.o(.text.DebugMon_Handler) for DebugMon_Handler
    startup_stm32f103xe.o(RESET) refers to stm32f1xx_it.o(.text.PendSV_Handler) for PendSV_Handler
    startup_stm32f103xe.o(RESET) refers to stm32f1xx_it.o(.text.SysTick_Handler) for SysTick_Handler
    startup_stm32f103xe.o(RESET) refers to stm32f1xx_it.o(.text.USART1_IRQHandler) for USART1_IRQHandler
    startup_stm32f103xe.o(.text) refers to system_stm32f1xx.o(.text.SystemInit) for SystemInit
    startup_stm32f103xe.o(.text) refers to entry.o(.ARM.Collect$$$$00000000) for __main
    main.o(.text.main) refers to stm32f1xx_hal.o(.text.HAL_Init) for HAL_Init
    main.o(.text.main) refers to main.o(.text.SystemClock_Config) for SystemClock_Config
    main.o(.text.main) refers to gpio.o(.text.MX_GPIO_Init) for MX_GPIO_Init
    main.o(.text.main) refers to can.o(.text.MX_CAN_Init) for MX_CAN_Init
    main.o(.text.main) refers to usart.o(.text.MX_USART1_UART_Init) for MX_USART1_UART_Init
    main.o(.text.main) refers to crc.o(.text.MX_CRC_Init) for MX_CRC_Init
    main.o(.text.main) refers to i2c.o(.text.MX_I2C1_Init) for MX_I2C1_Init
    main.o(.text.main) refers to spi.o(.text.MX_SPI2_Init) for MX_SPI2_Init
    main.o(.text.main) refers to app_update.o(.text.App_update_init) for App_update_init
    main.o(.text.main) refers to app_update.o(.text.App_update_work) for App_update_work
    main.o(.ARM.exidx.text.main) refers to main.o(.text.main) for [Anonymous Symbol]
    main.o(.text.SystemClock_Config) refers to memseta.o(.text) for __aeabi_memclr4
    main.o(.text.SystemClock_Config) refers to stm32f1xx_hal_rcc.o(.text.HAL_RCC_OscConfig) for HAL_RCC_OscConfig
    main.o(.text.SystemClock_Config) refers to main.o(.text.Error_Handler) for Error_Handler
    main.o(.text.SystemClock_Config) refers to stm32f1xx_hal_rcc.o(.text.HAL_RCC_ClockConfig) for HAL_RCC_ClockConfig
    main.o(.ARM.exidx.text.SystemClock_Config) refers to main.o(.text.SystemClock_Config) for [Anonymous Symbol]
    main.o(.ARM.exidx.text.Error_Handler) refers to main.o(.text.Error_Handler) for [Anonymous Symbol]
    gpio.o(.text.MX_GPIO_Init) refers to stm32f1xx_hal_gpio.o(.text.HAL_GPIO_WritePin) for HAL_GPIO_WritePin
    gpio.o(.text.MX_GPIO_Init) refers to stm32f1xx_hal_gpio.o(.text.HAL_GPIO_Init) for HAL_GPIO_Init
    gpio.o(.ARM.exidx.text.MX_GPIO_Init) refers to gpio.o(.text.MX_GPIO_Init) for [Anonymous Symbol]
    can.o(.text.MX_CAN_Init) refers to can.o(.bss.hcan) for hcan
    can.o(.text.MX_CAN_Init) refers to stm32f1xx_hal_can.o(.text.HAL_CAN_Init) for HAL_CAN_Init
    can.o(.text.MX_CAN_Init) refers to main.o(.text.Error_Handler) for Error_Handler
    can.o(.ARM.exidx.text.MX_CAN_Init) refers to can.o(.text.MX_CAN_Init) for [Anonymous Symbol]
    can.o(.text.HAL_CAN_MspInit) refers to stm32f1xx_hal_gpio.o(.text.HAL_GPIO_Init) for HAL_GPIO_Init
    can.o(.ARM.exidx.text.HAL_CAN_MspInit) refers to can.o(.text.HAL_CAN_MspInit) for [Anonymous Symbol]
    can.o(.text.HAL_CAN_MspDeInit) refers to stm32f1xx_hal_gpio.o(.text.HAL_GPIO_DeInit) for HAL_GPIO_DeInit
    can.o(.ARM.exidx.text.HAL_CAN_MspDeInit) refers to can.o(.text.HAL_CAN_MspDeInit) for [Anonymous Symbol]
    crc.o(.text.MX_CRC_Init) refers to crc.o(.bss.hcrc) for hcrc
    crc.o(.text.MX_CRC_Init) refers to stm32f1xx_hal_crc.o(.text.HAL_CRC_Init) for HAL_CRC_Init
    crc.o(.text.MX_CRC_Init) refers to main.o(.text.Error_Handler) for Error_Handler
    crc.o(.ARM.exidx.text.MX_CRC_Init) refers to crc.o(.text.MX_CRC_Init) for [Anonymous Symbol]
    crc.o(.ARM.exidx.text.HAL_CRC_MspInit) refers to crc.o(.text.HAL_CRC_MspInit) for [Anonymous Symbol]
    crc.o(.ARM.exidx.text.HAL_CRC_MspDeInit) refers to crc.o(.text.HAL_CRC_MspDeInit) for [Anonymous Symbol]
    i2c.o(.text.MX_I2C1_Init) refers to i2c.o(.bss.hi2c1) for hi2c1
    i2c.o(.text.MX_I2C1_Init) refers to stm32f1xx_hal_i2c.o(.text.HAL_I2C_Init) for HAL_I2C_Init
    i2c.o(.text.MX_I2C1_Init) refers to main.o(.text.Error_Handler) for Error_Handler
[...]
    Removing stm32f1xx_hal_uart.o(.ARM.exidx.text.HAL_UART_Transmit), (8 bytes).
    Removing stm32f1xx_hal_uart.o(.ARM.exidx.text.UART_WaitOnFlagUntilTimeout), (8 bytes).
    Removing stm32f1xx_hal_uart.o(.text.HAL_UART_Receive), (318 bytes).
    Removing stm32f1xx_hal_uart.o(.ARM.exidx.text.HAL_UART_Receive), (8 bytes).
    Removing stm32f1xx_hal_uart.o(.text.HAL_UART_Transmit_IT), (114 bytes).
    Removing stm32f1xx_hal_uart.o(.ARM.exidx.text.HAL_UART_Transmit_IT), (8 bytes).
    Removing stm32f1xx_hal_uart.o(.text.HAL_UART_Receive_IT), (86 bytes).
    Removing stm32f1xx_hal_uart.o(.ARM.exidx.text.HAL_UART_Receive_IT), (8 bytes).
    Removing stm32f1xx_hal_uart.o(.ARM.exidx.text.UART_Start_Receive_IT), (8 bytes).
    Removing stm32f1xx_hal_uart.o(.text.HAL_UART_Transmit_DMA), (226 bytes).
    Removing stm32f1xx_hal_uart.o(.ARM.exidx.text.HAL_UART_Transmit_DMA), (8 bytes).
    Removing stm32f1xx_hal_uart.o(.text.UART_DMATransmitCplt), (122 bytes).
    Removing stm32f1xx_hal_uart.o(.ARM.exidx.text.UART_DMATransmitCplt), (8 bytes).
    Removing stm32f1xx_hal_uart.o(.text.UART_DMATxHalfCplt), (22 bytes).
    Removing stm32f1xx_hal_uart.o(.ARM.exidx.text.UART_DMATxHalfCplt), (8 bytes).
    Removing stm32f1xx_hal_uart.o(.text.UART_DMAError), (124 bytes).
    Removing stm32f1xx_hal_uart.o(.ARM.exidx.text.UART_DMAError), (8 bytes).
    Removing stm32f1xx_hal_uart.o(.text.HAL_UART_Receive_DMA), (86 bytes).
    Removing stm32f1xx_hal_uart.o(.ARM.exidx.text.HAL_UART_Receive_DMA), (8 bytes).
    Removing stm32f1xx_hal_uart.o(.text.UART_Start_Receive_DMA), (268 bytes).
    Removing stm32f1xx_hal_uart.o(.ARM.exidx.text.UART_Start_Receive_DMA), (8 bytes).
    Removing stm32f1xx_hal_uart.o(.text.HAL_UART_DMAPause), (230 bytes).
    Removing stm32f1xx_hal_uart.o(.ARM.exidx.text.HAL_UART_DMAPause), (8 bytes).
    Removing stm32f1xx_hal_uart.o(.text.HAL_UART_DMAResume), (226 bytes).
    Removing stm32f1xx_hal_uart.o(.ARM.exidx.text.HAL_UART_DMAResume), (8 bytes).
    Removing stm32f1xx_hal_uart.o(.text.HAL_UART_DMAStop), (204 bytes).
    Removing stm32f1xx_hal_uart.o(.ARM.exidx.text.HAL_UART_DMAStop), (8 bytes).
    Removing stm32f1xx_hal_uart.o(.text.UART_EndTxTransfer), (54 bytes).
    Removing stm32f1xx_hal_uart.o(.ARM.exidx.text.UART_EndTxTransfer), (8 bytes).
    Removing stm32f1xx_hal_uart.o(.ARM.exidx.text.UART_EndRxTransfer), (8 bytes).
    Removing stm32f1xx_hal_uart.o(.text.HAL_UARTEx_ReceiveToIdle), (448 bytes).
    Removing stm32f1xx_hal_uart.o(.ARM.exidx.text.HAL_UARTEx_ReceiveToIdle), (8 bytes).
    Removing stm32f1xx_hal_uart.o(.ARM.exidx.text.HAL_UARTEx_ReceiveToIdle_IT), (8 bytes).
    Removing stm32f1xx_hal_uart.o(.text.HAL_UARTEx_ReceiveToIdle_DMA), (184 bytes).
    Removing stm32f1xx_hal_uart.o(.ARM.exidx.text.HAL_UARTEx_ReceiveToIdle_DMA), (8 bytes).
    Removing stm32f1xx_hal_uart.o(.text.HAL_UARTEx_GetRxEventType), (12 bytes).
    Removing stm32f1xx_hal_uart.o(.ARM.exidx.text.HAL_UARTEx_GetRxEventType), (8 bytes).
    Removing stm32f1xx_hal_uart.o(.text.HAL_UART_Abort), (406 bytes).
    Removing stm32f1xx_hal_uart.o(.ARM.exidx.text.HAL_UART_Abort), (8 bytes).
    Removing stm32f1xx_hal_uart.o(.text.HAL_UART_AbortTransmit), (186 bytes).
    Removing stm32f1xx_hal_uart.o(.ARM.exidx.text.HAL_UART_AbortTransmit), (8 bytes).
    Removing stm32f1xx_hal_uart.o(.text.HAL_UART_AbortReceive), (278 bytes).
    Removing stm32f1xx_hal_uart.o(.ARM.exidx.text.HAL_UART_AbortReceive), (8 bytes).
    Removing stm32f1xx_hal_uart.o(.text.HAL_UART_Abort_IT), (478 bytes).
    Removing stm32f1xx_hal_uart.o(.ARM.exidx.text.HAL_UART_Abort_IT), (8 bytes).
    Removing stm32f1xx_hal_uart.o(.text.UART_DMATxAbortCallback), (86 bytes).
    Removing stm32f1xx_hal_uart.o(.ARM.exidx.text.UART_DMATxAbortCallback), (8 bytes).
    Removing stm32f1xx_hal_uart.o(.text.UART_DMARxAbortCallback), (86 bytes).
    Removing stm32f1xx_hal_uart.o(.ARM.exidx.text.UART_DMARxAbortCallback), (8 bytes).
    Removing stm32f1xx_hal_uart.o(.text.HAL_UART_AbortCpltCallback), (8 bytes).
    Removing stm32f1xx_hal_uart.o(.ARM.exidx.text.HAL_UART_AbortCpltCallback), (8 bytes).
    Removing stm32f1xx_hal_uart.o(.text.HAL_UART_AbortTransmit_IT), (194 bytes).
    Removing stm32f1xx_hal_uart.o(.ARM.exidx.text.HAL_UART_AbortTransmit_IT), (8 bytes).
    Removing stm32f1xx_hal_uart.o(.text.UART_DMATxOnlyAbortCallback), (36 bytes).
    Removing stm32f1xx_hal_uart.o(.ARM.exidx.text.UART_DMATxOnlyAbortCallback), (8 bytes).
    Removing stm32f1xx_hal_uart.o(.text.HAL_UART_AbortTransmitCpltCallback), (8 bytes).
    Removing stm32f1xx_hal_uart.o(.ARM.exidx.text.HAL_UART_AbortTransmitCpltCallback), (8 bytes).
    Removing stm32f1xx_hal_uart.o(.text.HAL_UART_AbortReceive_IT), (290 bytes).
    Removing stm32f1xx_hal_uart.o(.ARM.exidx.text.HAL_UART_AbortReceive_IT), (8 bytes).
    Removing stm32f1xx_hal_uart.o(.text.UART_DMARxOnlyAbortCallback), (40 bytes).
    Removing stm32f1xx_hal_uart.o(.ARM.exidx.text.UART_DMARxOnlyAbortCallback), (8 bytes).
    Removing stm32f1xx_hal_uart.o(.text.HAL_UART_AbortReceiveCpltCallback), (8 bytes).
    Removing stm32f1xx_hal_uart.o(.ARM.exidx.text.HAL_UART_AbortReceiveCpltCallback), (8 bytes).
    Removing stm32f1xx_hal_uart.o(.ARM.exidx.text.HAL_UART_IRQHandler), (8 bytes).
    Removing stm32f1xx_hal_uart.o(.ARM.exidx.text.UART_Receive_IT), (8 bytes).
    Removing stm32f1xx_hal_uart.o(.ARM.exidx.text.UART_DMAAbortOnError), (8 bytes).
    Removing stm32f1xx_hal_uart.o(.ARM.exidx.text.HAL_UART_ErrorCallback), (8 bytes).
    Removing stm32f1xx_hal_uart.o(.text.HAL_UARTEx_RxEventCallback), (12 bytes).
    Removing stm32f1xx_hal_uart.o(.ARM.exidx.text.HAL_UARTEx_RxEventCallback), (8 bytes).
    Removing stm32f1xx_hal_uart.o(.ARM.exidx.text.UART_Transmit_IT), (8 bytes).
    Removing stm32f1xx_hal_uart.o(.ARM.exidx.text.UART_EndTransmit_IT), (8 bytes).
    Removing stm32f1xx_hal_uart.o(.ARM.exidx.text.HAL_UART_TxCpltCallback), (8 bytes).
    Removing stm32f1xx_hal_uart.o(.text.HAL_UART_TxHalfCpltCallback), (8 bytes).
    Removing stm32f1xx_hal_uart.o(.ARM.exidx.text.HAL_UART_TxHalfCpltCallback), (8 bytes).
    Removing stm32f1xx_hal_uart.o(.ARM.exidx.text.HAL_UART_RxCpltCallback), (8 bytes).
    Removing stm32f1xx_hal_uart.o(.text.HAL_UART_RxHalfCpltCallback), (8 bytes).
    Removing stm32f1xx_hal_uart.o(.ARM.exidx.text.HAL_UART_RxHalfCpltCallback), (8 bytes).
    Removing stm32f1xx_hal_uart.o(.text.HAL_LIN_SendBreak), (120 bytes).
    Removing stm32f1xx_hal_uart.o(.ARM.exidx.text.HAL_LIN_SendBreak), (8 bytes).
    Removing stm32f1xx_hal_uart.o(.text.HAL_MultiProcessor_EnterMuteMode), (126 bytes).
    Removing stm32f1xx_hal_uart.o(.ARM.exidx.text.HAL_MultiProcessor_EnterMuteMode), (8 bytes).
    Removing stm32f1xx_hal_uart.o(.text.HAL_MultiProcessor_ExitMuteMode), (126 bytes).
    Removing stm32f1xx_hal_uart.o(.ARM.exidx.text.HAL_MultiProcessor_ExitMuteMode), (8 bytes).
    Removing stm32f1xx_hal_uart.o(.text.HAL_HalfDuplex_EnableTransmitter), (118 bytes).
    Removing stm32f1xx_hal_uart.o(.ARM.exidx.text.HAL_HalfDuplex_EnableTransmitter), (8 bytes).
    Removing stm32f1xx_hal_uart.o(.text.HAL_HalfDuplex_EnableReceiver), (118 bytes).
    Removing stm32f1xx_hal_uart.o(.ARM.exidx.text.HAL_HalfDuplex_EnableReceiver), (8 bytes).
    Removing stm32f1xx_hal_uart.o(.text.HAL_UART_GetState), (40 bytes).
    Removing stm32f1xx_hal_uart.o(.ARM.exidx.text.HAL_UART_GetState), (8 bytes).
    Removing stm32f1xx_hal_uart.o(.text.HAL_UART_GetError), (12 bytes).
    Removing stm32f1xx_hal_uart.o(.ARM.exidx.text.HAL_UART_GetError), (8 bytes).
    Removing stm32f1xx_hal_uart.o(.text.UART_DMAReceiveCplt), (244 bytes).
    Removing stm32f1xx_hal_uart.o(.ARM.exidx.text.UART_DMAReceiveCplt), (8 bytes).
    Removing stm32f1xx_hal_uart.o(.text.UART_DMARxHalfCplt), (52 bytes).
    Removing stm32f1xx_hal_uart.o(.ARM.exidx.text.UART_DMARxHalfCplt), (8 bytes).
    Removing system_stm32f1xx.o(.text), (0 bytes).
    Removing system_stm32f1xx.o(.ARM.exidx.text.SystemInit), (8 bytes).
    Removing system_stm32f1xx.o(.text.SystemCoreClockUpdate), (290 bytes).
    Removing system_stm32f1xx.o(.ARM.exidx.text.SystemCoreClockUpdate), (8 bytes).
    Removing int_can.o(.text), (0 bytes).
    Removing int_can.o(.ARM.exidx.text.Int_CAN_init), (8 bytes).
    Removing int_can.o(.ARM.exidx.text.Int_CAN_send), (8 bytes).
    Removing int_can.o(.ARM.exidx.text.Int_CAN_receive_msg), (8 bytes).
    Removing int_w24c02.o(.text), (0 bytes).
    Removing int_w24c02.o(.text.Int_w24c02_read_byte), (50 bytes).
    Removing int_w24c02.o(.ARM.exidx.text.Int_w24c02_read_byte), (8 bytes).
    Removing int_w24c02.o(.text.Int_w24c02_write_byte), (50 bytes).
    Removing int_w24c02.o(.ARM.exidx.text.Int_w24c02_write_byte), (8 bytes).
    Removing int_w24c02.o(.text.Int_w24c02_read_bytes), (58 bytes).
    Removing int_w24c02.o(.ARM.exidx.text.Int_w24c02_read_bytes), (8 bytes).
    Removing int_w24c02.o(.ARM.exidx.text.Int_w24c02_write_bytes), (8 bytes).
    Removing int_w25q128.o(.text), (0 bytes).
    Removing int_w25q128.o(.ARM.exidx.text.Int_w25q128_start), (8 bytes).
    Removing int_w25q128.o(.ARM.exidx.text.Int_w25q128_stop), (8 bytes).
    Removing int_w25q128.o(.ARM.exidx.text.Int_w25q128_write_byte), (8 bytes).
    Removing int_w25q128.o(.ARM.exidx.text.Int_w25q128_read_byte), (8 bytes).
    Removing int_w25q128.o(.text.Int_w25q128_read_id), (62 bytes).
    Removing int_w25q128.o(.ARM.exidx.text.Int_w25q128_read_id), (8 bytes).
    Removing int_w25q128.o(.text.Int_w25q128_read_data), (146 bytes).
    Removing int_w25q128.o(.ARM.exidx.text.Int_w25q128_read_data), (8 bytes).
    Removing int_w25q128.o(.ARM.exidx.text.Int_w25q128_wait_busy), (8 bytes).
    Removing int_w25q128.o(.text.Int_w25q128_read_data_with_32addr), (96 bytes).
    Removing int_w25q128.o(.ARM.exidx.text.Int_w25q128_read_data_with_32addr), (8 bytes).
    Removing int_w25q128.o(.text.Int_w25q128_write_data), (150 bytes).
    Removing int_w25q128.o(.ARM.exidx.text.Int_w25q128_write_data), (8 bytes).
    Removing int_w25q128.o(.ARM.exidx.text.Int_w25q128_write_enable), (8 bytes).
    Removing int_w25q128.o(.ARM.exidx.text.Int_w25q128_write_data_with_32addr), (8 bytes).
    Removing int_w25q128.o(.ARM.exidx.text.Int_w25q128_erase_sector), (8 bytes).
    Removing app_update.o(.text), (0 bytes).
    Removing app_update.o(.ARM.exidx.text.HAL_UARTEx_RxEventCallback), (8 bytes).
    Removing app_update.o(.ARM.exidx.text.App_update_init), (8 bytes).
    Removing app_update.o(.ARM.exidx.text.App_update_send_update_cmd), (8 bytes).
    Removing app_update.o(.ARM.exidx.text.App_update_receive_app_data), (8 bytes).
    Removing app_update.o(.ARM.exidx.text.App_update_check_data), (8 bytes).
    Removing app_update.o(.ARM.exidx.text.App_crc_cal), (8 bytes).
    Removing app_update.o(.ARM.exidx.text.App_update_change_boot_mode), (8 bytes).
    Removing app_update.o(.ARM.exidx.text.App_update_work), (8 bytes).
    Removing app_update.o(.ARM.exidx.text.App_run), (8 bytes).

832 unused section(s) (total 61464 bytes) removed from the image.

==============================================================================

Image Symbol Table

    Local Symbols

    Symbol Name                              Value     Ov Type        Size  Object(Section)

    ../clib/division.s                       0x00000000   Number         0  aeabi_sdiv.o ABSOLUTE
    ../clib/microlib/division.c              0x00000000   Number         0  uidiv.o ABSOLUTE
    ../clib/microlib/division.c              0x00000000   Number         0  uldiv.o ABSOLUTE
    ../clib/microlib/init/entry.s            0x00000000   Number         0  entry.o ABSOLUTE
    ../clib/microlib/init/entry.s            0x00000000   Number         0  entry2.o ABSOLUTE
    ../clib/microlib/init/entry.s            0x00000000   Number         0  entry5.o ABSOLUTE
    ../clib/microlib/init/entry.s            0x00000000   Number         0  entry7a.o ABSOLUTE
    ../clib/microlib/init/entry.s            0x00000000   Number         0  entry7b.o ABSOLUTE
    ../clib/microlib/init/entry.s            0x00000000   Number         0  entry8a.o ABSOLUTE
    ../clib/microlib/init/entry.s            0x00000000   Number         0  entry8b.o ABSOLUTE
    ../clib/microlib/init/entry.s            0x00000000   Number         0  entry9a.o ABSOLUTE
    ../clib/microlib/init/entry.s            0x00000000   Number         0  entry9b.o ABSOLUTE
    ../clib/microlib/init/entry.s            0x00000000   Number         0  entry10a.o ABSOLUTE
    ../clib/microlib/init/entry.s            0x00000000   Number         0  entry10b.o ABSOLUTE
    ../clib/microlib/init/entry.s            0x00000000   Number         0  entry11a.o ABSOLUTE
    ../clib/microlib/init/entry.s            0x00000000   Number         0  entry11b.o ABSOLUTE
    ../clib/microlib/longlong.c              0x00000000   Number         0  llshl.o ABSOLUTE
    ../clib/microlib/longlong.c              0x00000000   Number         0  llushr.o ABSOLUTE
    ../clib/microlib/longlong.c              0x00000000   Number         0  llsshr.o ABSOLUTE
    ../clib/microlib/printf/printf.c         0x00000000   Number         0  printfa.o ABSOLUTE
    ../clib/microlib/stdio/streams.c         0x00000000   Number         0  stdout.o ABSOLUTE
    ../clib/microlib/string/memcpy.c         0x00000000   Number         0  memcpya.o ABSOLUTE
    ../clib/microlib/string/memcpy.c         0x00000000   Number         0  memcpyb.o ABSOLUTE
    ../clib/microlib/string/memset.c         0x00000000   Number         0  memseta.o ABSOLUTE
    ../clib/microlib/string/strstr.c         0x00000000   Number         0  strstr.o ABSOLUTE
    ../clib/microlib/stubs.s                 0x00000000   Number         0  iusefp.o ABSOLUTE
    ../fplib/microlib/fpadd.c                0x00000000   Number         0  dadd.o ABSOLUTE
    ../fplib/microlib/fpdiv.c                0x00000000   Number         0  ddiv.o ABSOLUTE
    ../fplib/microlib/fpepilogue.c           0x00000000   Number         0  depilogue.o ABSOLUTE
    ../fplib/microlib/fpfix.c                0x00000000   Number         0  dfixul.o ABSOLUTE
    ../fplib/microlib/fpmul.c                0x00000000   Number         0  dmul.o ABSOLUTE
    Int_can.c                                0x00000000   Number         0  int_can.o ABSOLUTE
    Int_w24c02.c                             0x00000000   Number         0  int_w24c02.o ABSOLUTE
    Int_w25q128.c                            0x00000000   Number         0  int_w25q128.o ABSOLUTE
    app_update.c                             0x00000000   Number         0  app_update.o ABSOLUTE
    can.c                                    0x00000000   Number         0  can.o ABSOLUTE
    cdrcmple.s                               0x00000000   Number         0  cdrcmple.o ABSOLUTE
    crc.c                                    0x00000000   Number         0  crc.o ABSOLUTE
    dc.s                                     0x00000000   Number         0  dc.o ABSOLUTE
    gpio.c                                   0x00000000   Number         0  gpio.o ABSOLUTE
    handlers.s                               0x00000000   Number         0  handlers.o ABSOLUTE
    i2c.c                                    0x00000000   Number         0  i2c.o ABSOLUTE
    init.s                                   0x00000000   Number         0  init.o ABSOLUTE
    main.c                                   0x00000000   Number         0  main.o ABSOLUTE
    spi.c                                    0x00000000   Number         0  spi.o ABSOLUTE
    startup_stm32f103xe.s                    0x00000000   Number         0  startup_stm32f103xe.o ABSOLUTE
    stm32f1xx_hal.c                          0x00000000   Number         0  stm32f1xx_hal.o ABSOLUTE
    stm32f1xx_hal_can.c                      0x00000000   Number         0  stm32f1xx_hal_can.o ABSOLUTE
    stm32f1xx_hal_cortex.c                   0x00000000   Number         0  stm32f1xx_hal_cortex.o ABSOLUTE
    stm32f1xx_hal_crc.c                      0x00000000   Number         0  stm32f1xx_hal_crc.o ABSOLUTE
    stm32f1xx_hal_dma.c                      0x00000000   Number         0  stm32f1xx_hal_dma.o ABSOLUTE
    stm32f1xx_hal_exti.c                     0x00000000   Number         0  stm32f1xx_hal_exti.o ABSOLUTE
    stm32f1xx_hal_flash.c                    0x00000000   Number         0  stm32f1xx_hal_flash.o ABSOLUTE
    stm32f1xx_hal_flash_ex.c                 0x00000000   Number         0  stm32f1xx_hal_flash_ex.o ABSOLUTE
    stm32f1xx_hal_gpio.c                     0x00000000   Number         0  stm32f1xx_hal_gpio.o ABSOLUTE
    stm32f1xx_hal_gpio_ex.c                  0x00000000   Number         0  stm32f1xx_hal_gpio_ex.o ABSOLUTE
    stm32f1xx_hal_i2c.c                      0x00000000   Number         0  stm32f1xx_hal_i2c.o ABSOLUTE
    stm32f1xx_hal_msp.c                      0x00000000   Number         0  stm32f1xx_hal_msp.o ABSOLUTE
    stm32f1xx_hal_pwr.c                      0x00000000   Number         0  stm32f1xx_hal_pwr.o ABSOLUTE
    stm32f1xx_hal_rcc.c                      0x00000000   Number         0  stm32f1xx_hal_rcc.o ABSOLUTE
    stm32f1xx_hal_rcc_ex.c                   0x00000000   Number         0  stm32f1xx_hal_rcc_ex.o ABSOLUTE
    stm32f1xx_hal_spi.c                      0x00000000   Number         0  stm32f1xx_hal_spi.o ABSOLUTE
    stm32f1xx_hal_uart.c                     0x00000000   Number         0  stm32f1xx_hal_uart.o ABSOLUTE
    stm32f1xx_it.c                           0x00000000   Number         0  stm32f1xx_it.o ABSOLUTE
    system_stm32f1xx.c                       0x00000000   Number         0  system_stm32f1xx.o ABSOLUTE
    usart.c                                  0x00000000   Number         0  usart.o ABSOLUTE
    RESET                                    0x08008000   Section      304  startup_stm32f103xe.o(RESET)
    .ARM.Collect$$$$00000000                 0x08008130   Section        0  entry.o(.ARM.Collect$$$$00000000)
    .ARM.Collect$$$$00000001                 0x08008130   Section        4  entry2.o(.ARM.Collect$$$$00000001)
    .ARM.Collect$$$$00000004                 0x08008134   Section        4  entry5.o(.ARM.Collect$$$$00000004)
    .ARM.Collect$$$$00000008                 0x08008138   Section        0  entry7b.o(.ARM.Collect$$$$00000008)
    .ARM.Collect$$$$0000000A                 0x08008138   Section        0  entry8b.o(.ARM.Collect$$$$0000000A)
    .ARM.Collect$$$$0000000B                 0x08008138   Section        8  entry9a.o(.ARM.Collect$$$$0000000B)
    __lit__00000000                          0x08008140   Data           4  entry2.o(.ARM.Collect$$$$00002712)
    .ARM.Collect$$$$0000000D                 0x08008140   Section        0  entry10a.o(.ARM.Collect$$$$0000000D)
    .ARM.Collect$$$$0000000F                 0x08008140   Section        0  entry11a.o(.ARM.Collect$$$$0000000F)
    .ARM.Collect$$$$00002712                 0x08008140   Section        4  entry2.o(.ARM.Collect$$$$00002712)
    .text                                    0x08008144   Section       36  startup_stm32f103xe.o(.text)
    .text                                    0x08008168   Section        0  memcpya.o(.text)
    .text                                    0x0800818c   Section        0  memseta.o(.text)
    .text                                    0x080081b0   Section        0  strstr.o(.text)
    .text                                    0x080081d4   Section        0  uidiv.o(.text)
    .text                                    0x08008200   Section        0  uldiv.o(.text)
    .text                                    0x08008262   Section        0  iusefp.o(.text)
    .text                                    0x08008262   Section        0  dadd.o(.text)
    .text                                    0x080083b0   Section        0  dmul.o(.text)
    .text                                    0x08008494   Section        0  ddiv.o(.text)
    .text                                    0x08008572   Section        0  dfixul.o(.text)
    .text                                    0x080085a4   Section       48  cdrcmple.o(.text)
    .text                                    0x080085d4   Section       48  init.o(.text)
    .text                                    0x08008604   Section        0  llshl.o(.text)
    .text                                    0x08008622   Section        0  llushr.o(.text)
    .text                                    0x08008642   Section        0  llsshr.o(.text)
    .text                                    0x08008666   Section        0  depilogue.o(.text)
    App_crc_cal                              0x08008721   Thumb Code    58  app_update.o(.text.App_crc_cal)
    [Anonymous Symbol]                       0x08008720   Section        0  app_update.o(.text.App_crc_cal)
    App_run                                  0x0800875d   Thumb Code    84  app_update.o(.text.App_run)
    [Anonymous Symbol]                       0x0800875c   Section        0  app_update.o(.text.App_run)
    [Anonymous Symbol]                       0x080087b0   Section        0  app_update.o(.text.App_update_change_boot_mode)
    [Anonymous Symbol]                       0x080088f4   Section        0  app_update.o(.text.App_update_check_data)
    [Anonymous Symbol]                       0x080089cc   Section        0  app_update.o(.text.App_update_init)
    [Anonymous Symbol]                       0x08008a2c   Section        0  app_update.o(.text.App_update_receive_app_data)
    [Anonymous Symbol]                       0x08008b2c   Section        0  app_update.o(.text.App_update_send_update_cmd)
    [Anonymous Symbol]                       0x08008b4c   Section        0  app_update.o(.text.App_update_work)
    [Anonymous Symbol]                       0x08008bd4   Section        0  stm32f1xx_it.o(.text.BusFault_Handler)
    [Anonymous Symbol]                       0x08008bd8   Section        0  stm32f1xx_it.o(.text.DebugMon_Handler)
    [Anonymous Symbol]                       0x08008bdc   Section        0  main.o(.text.Error_Handler)
    [Anonymous Symbol]                       0x08008bec   Section        0  stm32f1xx_hal_can.o(.text.HAL_CAN_AddTxMessage)
    [Anonymous Symbol]                       0x08008d44   Section        0  stm32f1xx_hal_can.o(.text.HAL_CAN_ConfigFilter)
    [Anonymous Symbol]                       0x08008ec0   Section        0  stm32f1xx_hal_can.o(.text.HAL_CAN_GetRxFifoFillLevel)
    [Anonymous Symbol]                       0x08008f14   Section        0  stm32f1xx_hal_can.o(.text.HAL_CAN_GetRxMessage)
    [Anonymous Symbol]                       0x08009128   Section        0  stm32f1xx_hal_can.o(.text.HAL_CAN_GetTxMailboxesFreeLevel)
    [Anonymous Symbol]                       0x08009198   Section        0  stm32f1xx_hal_can.o(.text.HAL_CAN_Init)
    [Anonymous Symbol]                       0x08009378   Section        0  can.o(.text.HAL_CAN_MspInit)
    [Anonymous Symbol]                       0x08009410   Section        0  stm32f1xx_hal_can.o(.text.HAL_CAN_Start)
    [Anonymous Symbol]                       0x0800949c   Section        0  stm32f1xx_hal_crc.o(.text.HAL_CRC_Calculate)
    [Anonymous Symbol]                       0x080094f4   Section        0  stm32f1xx_hal_crc.o(.text.HAL_CRC_Init)
    [Anonymous Symbol]                       0x08009534   Section        0  crc.o(.text.HAL_CRC_MspInit)
    [Anonymous Symbol]                       0x08009570   Section        0  stm32f1xx_hal_dma.o(.text.HAL_DMA_Abort)
    [Anonymous Symbol]                       0x080095ec   Section        0  stm32f1xx_hal_dma.o(.text.HAL_DMA_Abort_IT)
    [Anonymous Symbol]                       0x08009904   Section        0  stm32f1xx_hal.o(.text.HAL_Delay)
    [Anonymous Symbol]                       0x08009948   Section        0  stm32f1xx_hal_gpio.o(.text.HAL_GPIO_Init)
    [Anonymous Symbol]                       0x08009ca0   Section        0  stm32f1xx_hal_gpio.o(.text.HAL_GPIO_WritePin)
    [Anonymous Symbol]                       0x08009cd0   Section        0  stm32f1xx_hal.o(.text.HAL_GetTick)
    [Anonymous Symbol]                       0x08009cdc   Section        0  stm32f1xx_hal_i2c.o(.text.HAL_I2C_Init)
    [Anonymous Symbol]                       0x08009f80   Section        0  stm32f1xx_hal_i2c.o(.text.HAL_I2C_Mem_Write)
    [Anonymous Symbol]                       0x0800a194   Section        0  i2c.o(.text.HAL_I2C_MspInit)
    [Anonymous Symbol]                       0x0800a214   Section        0  stm32f1xx_hal.o(.text.HAL_IncTick)
    [Anonymous Symbol]                       0x0800a230   Section        0  stm32f1xx_hal.o(.text.HAL_Init)
    [Anonymous Symbol]                       0x0800a258   Section        0  stm32f1xx_hal.o(.text.HAL_InitTick)
    [Anonymous Symbol]                       0x0800a2c8   Section        0  stm32f1xx_hal_msp.o(.text.HAL_MspInit)
    [Anonymous Symbol]                       0x0800a32c   Section        0  stm32f1xx_hal_cortex.o(.text.HAL_NVIC_EnableIRQ)
    [Anonymous Symbol]                       0x0800a340   Section        0  stm32f1xx_hal_cortex.o(.text.HAL_NVIC_SetPriority)
    [Anonymous Symbol]                       0x0800a374   Section        0  stm32f1xx_hal_cortex.o(.text.HAL_NVIC_SetPriorityGrouping)
    [Anonymous Symbol]                       0x0800a384   Section        0  stm32f1xx_hal_cortex.o(.text.HAL_NVIC_SystemReset)
    [Anonymous Symbol]                       0x0800a388   Section        0  stm32f1xx_hal_rcc.o(.text.HAL_RCC_ClockConfig)
    [Anonymous Symbol]                       0x0800a5e0   Section        0  stm32f1xx_hal_rcc.o(.text.HAL_RCC_GetHCLKFreq)
    [Anonymous Symbol]                       0x0800a5ec   Section        0  stm32f1xx_hal_rcc.o(.text.HAL_RCC_GetPCLK1Freq)
    [Anonymous Symbol]                       0x0800a610   Section        0  stm32f1xx_hal_rcc.o(.text.HAL_RCC_GetPCLK2Freq)
    [Anonymous Symbol]                       0x0800a634   Section        0  stm32f1xx_hal_rcc.o(.text.HAL_RCC_GetSysClockFreq)
    [Anonymous Symbol]                       0x0800a6f0   Section        0  stm32f1xx_hal_rcc.o(.text.HAL_RCC_OscConfig)
    [Anonymous Symbol]                       0x0800ad6c   Section        0  stm32f1xx_hal_spi.o(.text.HAL_SPI_Init)
    [Anonymous Symbol]                       0x0800ae68   Section        0  spi.o(.text.HAL_SPI_MspInit)
    [Anonymous Symbol]                       0x0800af00   Section        0  stm32f1xx_hal_spi.o(.text.HAL_SPI_Receive)
    [Anonymous Symbol]                       0x0800b150   Section        0  stm32f1xx_hal_spi.o(.text.HAL_SPI_Transmit)
    [Anonymous Symbol]                       0x0800b3f4   Section        0  stm32f1xx_hal_spi.o(.text.HAL_SPI_TransmitReceive)
    [Anonymous Symbol]                       0x0800b798   Section        0  stm32f1xx_hal_cortex.o(.text.HAL_SYSTICK_Config)
    [Anonymous Symbol]                       0x0800b7a8   Section        0  stm32f1xx_hal_uart.o(.text.HAL_UARTEx_ReceiveToIdle_IT)
    [Anonymous Symbol]                       0x0800b86c   Section        0  app_update.o(.text.HAL_UARTEx_RxEventCallback)
    [Anonymous Symbol]                       0x0800b914   Section        0  stm32f1xx_hal_uart.o(.text.HAL_UART_ErrorCallback)
    [Anonymous Symbol]                       0x0800b91c   Section        0  stm32f1xx_hal_uart.o(.text.HAL_UART_IRQHandler)
    [Anonymous Symbol]                       0x0800bd48   Section        0  stm32f1xx_hal_uart.o(.text.HAL_UART_Init)
    [Anonymous Symbol]                       0x0800bde8   Section        0  usart.o(.text.HAL_UART_MspInit)
    [Anonymous Symbol]                       0x0800be94   Section        0  stm32f1xx_hal_uart.o(.text.HAL_UART_RxCpltCallback)
    [Anonymous Symbol]                       0x0800be9c   Section        0  stm32f1xx_hal_uart.o(.text.HAL_UART_Transmit)
    [Anonymous Symbol]                       0x0800bfcc   Section        0  stm32f1xx_hal_uart.o(.text.HAL_UART_TxCpltCallback)
    [Anonymous Symbol]                       0x0800bfd4   Section        0  stm32f1xx_it.o(.text.HardFault_Handler)
    I2C_IsAcknowledgeFailed                  0x0800bfd9   Thumb Code   100  stm32f1xx_hal_i2c.o(.text.I2C_IsAcknowledgeFailed)
    [Anonymous Symbol]                       0x0800bfd8   Section        0  stm32f1xx_hal_i2c.o(.text.I2C_IsAcknowledgeFailed)
    I2C_RequestMemoryWrite                   0x0800c03d   Thumb Code   314  stm32f1xx_hal_i2c.o(.text.I2C_RequestMemoryWrite)
    [Anonymous Symbol]                       0x0800c03c   Section        0  stm32f1xx_hal_i2c.o(.text.I2C_RequestMemoryWrite)
    I2C_WaitOnBTFFlagUntilTimeout            0x0800c179   Thumb Code   172  stm32f1xx_hal_i2c.o(.text.I2C_WaitOnBTFFlagUntilTimeout)
    [Anonymous Symbol]                       0x0800c178   Section        0  stm32f1xx_hal_i2c.o(.text.I2C_WaitOnBTFFlagUntilTimeout)
    I2C_WaitOnFlagUntilTimeout               0x0800c225   Thumb Code   264  stm32f1xx_hal_i2c.o(.text.I2C_WaitOnFlagUntilTimeout)
    [Anonymous Symbol]                       0x0800c224   Section        0  stm32f1xx_hal_i2c.o(.text.I2C_WaitOnFlagUntilTimeout)
    I2C_WaitOnMasterAddressFlagUntilTimeout  0x0800c32d   Thumb Code   340  stm32f1xx_hal_i2c.o(.text.I2C_WaitOnMasterAddressFlagUntilTimeout)
    [Anonymous Symbol]                       0x0800c32c   Section        0  stm32f1xx_hal_i2c.o(.text.I2C_WaitOnMasterAddressFlagUntilTimeout)
    I2C_WaitOnTXEFlagUntilTimeout            0x0800c481   Thumb Code   168  stm32f1xx_hal_i2c.o(.text.I2C_WaitOnTXEFlagUntilTimeout)
    [Anonymous Symbol]                       0x0800c480   Section        0  stm32f1xx_hal_i2c.o(.text.I2C_WaitOnTXEFlagUntilTimeout)
    [Anonymous Symbol]                       0x0800c528   Section        0  int_can.o(.text.Int_CAN_init)
    [Anonymous Symbol]                       0x0800c570   Section        0  int_can.o(.text.Int_CAN_receive_msg)
    [Anonymous Symbol]                       0x0800c5f0   Section        0  int_can.o(.text.Int_CAN_send)
    [Anonymous Symbol]                       0x0800c648   Section        0  int_w24c02.o(.text.Int_w24c02_write_bytes)
    [Anonymous Symbol]                       0x0800c7d4   Section        0  int_w25q128.o(.text.Int_w25q128_erase_sector)
    [Anonymous Symbol]                       0x0800c820   Section        0  int_w25q128.o(.text.Int_w25q128_read_byte)
    [Anonymous Symbol]                       0x0800c840   Section        0  int_w25q128.o(.text.Int_w25q128_start)
    [Anonymous Symbol]                       0x0800c858   Section        0  int_w25q128.o(.text.Int_w25q128_stop)
    Int_w25q128_wait_busy                    0x0800c871   Thumb Code    46  int_w25q128.o(.text.Int_w25q128_wait_busy)
    [Anonymous Symbol]                       0x0800c870   Section        0  int_w25q128.o(.text.Int_w25q128_wait_busy)
    [Anonymous Symbol]                       0x0800c8a0   Section        0  int_w25q128.o(.text.Int_w25q128_write_byte)
    [Anonymous Symbol]                       0x0800c8c0   Section        0  int_w25q128.o(.text.Int_w25q128_write_data_with_32addr)
    Int_w25q128_write_enable                 0x0800c925   Thumb Code    22  int_w25q128.o(.text.Int_w25q128_write_enable)
    [Anonymous Symbol]                       0x0800c924   Section        0  int_w25q128.o(.text.Int_w25q128_write_enable)
    [Anonymous Symbol]                       0x0800c93c   Section        0  can.o(.text.MX_CAN_Init)
    [Anonymous Symbol]                       0x0800c98c   Section        0  crc.o(.text.MX_CRC_Init)
    [Anonymous Symbol]                       0x0800c9b0   Section        0  gpio.o(.text.MX_GPIO_Init)
    [Anonymous Symbol]                       0x0800cac0   Section        0  i2c.o(.text.MX_I2C1_Init)
    [Anonymous Symbol]                       0x0800cb08   Section        0  spi.o(.text.MX_SPI2_Init)
    [Anonymous Symbol]                       0x0800cb58   Section        0  usart.o(.text.MX_USART1_UART_Init)
    [Anonymous Symbol]                       0x0800cb98   Section        0  stm32f1xx_it.o(.text.MemManage_Handler)
    [Anonymous Symbol]                       0x0800cb9c   Section        0  stm32f1xx_it.o(.text.NMI_Handler)
    NVIC_EncodePriority                      0x0800cba1   Thumb Code   108  stm32f1xx_hal_cortex.o(.text.NVIC_EncodePriority)
    [Anonymous Symbol]                       0x0800cba0   Section        0  stm32f1xx_hal_cortex.o(.text.NVIC_EncodePriority)
    [Anonymous Symbol]                       0x0800cc0c   Section        0  stm32f1xx_it.o(.text.PendSV_Handler)
    RCC_Delay                                0x0800cc11   Thumb Code    58  stm32f1xx_hal_rcc.o(.text.RCC_Delay)
    [Anonymous Symbol]                       0x0800cc10   Section        0  stm32f1xx_hal_rcc.o(.text.RCC_Delay)
    SPI_EndRxTransaction                     0x0800cc4d   Thumb Code   184  stm32f1xx_hal_spi.o(.text.SPI_EndRxTransaction)
    [Anonymous Symbol]                       0x0800cc4c   Section        0  stm32f1xx_hal_spi.o(.text.SPI_EndRxTransaction)
    SPI_EndRxTxTransaction                   0x0800cd05   Thumb Code   106  stm32f1xx_hal_spi.o(.text.SPI_EndRxTxTransaction)
    [Anonymous Symbol]                       0x0800cd04   Section        0  stm32f1xx_hal_spi.o(.text.SPI_EndRxTxTransaction)
    SPI_WaitFlagStateUntilTimeout            0x0800cd71   Thumb Code   298  stm32f1xx_hal_spi.o(.text.SPI_WaitFlagStateUntilTimeout)
    [Anonymous Symbol]                       0x0800cd70   Section        0  stm32f1xx_hal_spi.o(.text.SPI_WaitFlagStateUntilTimeout)
    [Anonymous Symbol]                       0x0800ce9c   Section        0  stm32f1xx_it.o(.text.SVC_Handler)
    SysTick_Config                           0x0800cea1   Thumb Code    82  stm32f1xx_hal_cortex.o(.text.SysTick_Config)
    [Anonymous Symbol]                       0x0800cea0   Section        0  stm32f1xx_hal_cortex.o(.text.SysTick_Config)
    [Anonymous Symbol]                       0x0800cef4   Section        0  stm32f1xx_it.o(.text.SysTick_Handler)
    [Anonymous Symbol]                       0x0800cefc   Section        0  main.o(.text.SystemClock_Config)
    [Anonymous Symbol]                       0x0800cf68   Section        0  system_stm32f1xx.o(.text.SystemInit)
    UART_DMAAbortOnError                     0x0800cf6d   Thumb Code    32  stm32f1xx_hal_uart.o(.text.UART_DMAAbortOnError)
    [Anonymous Symbol]                       0x0800cf6c   Section        0  stm32f1xx_hal_uart.o(.text.UART_DMAAbortOnError)
    UART_EndRxTransfer                       0x0800cf8d   Thumb Code   148  stm32f1xx_hal_uart.o(.text.UART_EndRxTransfer)
    [Anonymous Symbol]                       0x0800cf8c   Section        0  stm32f1xx_hal_uart.o(.text.UART_EndRxTransfer)
    UART_EndTransmit_IT                      0x0800d021   Thumb Code    38  stm32f1xx_hal_uart.o(.text.UART_EndTransmit_IT)
    [Anonymous Symbol]                       0x0800d020   Section        0  stm32f1xx_hal_uart.o(.text.UART_EndTransmit_IT)
    UART_Receive_IT                          0x0800d049   Thumb Code   362  stm32f1xx_hal_uart.o(.text.UART_Receive_IT)
    [Anonymous Symbol]                       0x0800d048   Section        0  stm32f1xx_hal_uart.o(.text.UART_Receive_IT)
    UART_SetConfig                           0x0800d1b5   Thumb Code   186  stm32f1xx_hal_uart.o(.text.UART_SetConfig)
    [Anonymous Symbol]                       0x0800d1b4   Section        0  stm32f1xx_hal_uart.o(.text.UART_SetConfig)
    [Anonymous Symbol]                       0x0800d270   Section        0  stm32f1xx_hal_uart.o(.text.UART_Start_Receive_IT)
    UART_Transmit_IT                         0x0800d2d5   Thumb Code   148  stm32f1xx_hal_uart.o(.text.UART_Transmit_IT)
    [Anonymous Symbol]                       0x0800d2d4   Section        0  stm32f1xx_hal_uart.o(.text.UART_Transmit_IT)
    UART_WaitOnFlagUntilTimeout              0x0800d369   Thumb Code   218  stm32f1xx_hal_uart.o(.text.UART_WaitOnFlagUntilTimeout)
    [Anonymous Symbol]                       0x0800d368   Section        0  stm32f1xx_hal_uart.o(.text.UART_WaitOnFlagUntilTimeout)
    [Anonymous Symbol]                       0x0800d444   Section        0  stm32f1xx_it.o(.text.USART1_IRQHandler)
    [Anonymous Symbol]                       0x0800d454   Section        0  stm32f1xx_it.o(.text.UsageFault_Handler)
    __NVIC_EnableIRQ                         0x0800d459   Thumb Code    48  stm32f1xx_hal_cortex.o(.text.__NVIC_EnableIRQ)
    [Anonymous Symbol]                       0x0800d458   Section        0  stm32f1xx_hal_cortex.o(.text.__NVIC_EnableIRQ)
    __NVIC_GetPriorityGrouping               0x0800d489   Thumb Code    16  stm32f1xx_hal_cortex.o(.text.__NVIC_GetPriorityGrouping)
    [Anonymous Symbol]                       0x0800d488   Section        0  stm32f1xx_hal_cortex.o(.text.__NVIC_GetPriorityGrouping)
    __NVIC_SetPriority                       0x0800d499   Thumb Code    66  stm32f1xx_hal_cortex.o(.text.__NVIC_SetPriority)
    [Anonymous Symbol]                       0x0800d498   Section        0  stm32f1xx_hal_cortex.o(.text.__NVIC_SetPriority)
    __NVIC_SetPriorityGrouping               0x0800d4dd   Thumb Code    60  stm32f1xx_hal_cortex.o(.text.__NVIC_SetPriorityGrouping)
    [Anonymous Symbol]                       0x0800d4dc   Section        0  stm32f1xx_hal_cortex.o(.text.__NVIC_SetPriorityGrouping)
    __NVIC_SystemReset                       0x0800d519   Thumb Code    38  stm32f1xx_hal_cortex.o(.text.__NVIC_SystemReset)
    [Anonymous Symbol]                       0x0800d518   Section        0  stm32f1xx_hal_cortex.o(.text.__NVIC_SystemReset)
    [Anonymous Symbol]                       0x0800d540   Section        0  usart.o(.text.fputc)
    [Anonymous Symbol]                       0x0800d564   Section        0  main.o(.text.main)
    i.__0printf                              0x0800d5b4   Section        0  printfa.o(i.__0printf)
    i.__scatterload_copy                     0x0800d5d4   Section       14  handlers.o(i.__scatterload_copy)
    i.__scatterload_null                     0x0800d5e2   Section        2  handlers.o(i.__scatterload_null)
    i.__scatterload_zeroinit                 0x0800d5e4   Section       14  handlers.o(i.__scatterload_zeroinit)
    _fp_digits                               0x0800d5f5   Thumb Code   366  printfa.o(i._fp_digits)
    i._fp_digits                             0x0800d5f4   Section        0  printfa.o(i._fp_digits)
    _printf_core                             0x0800d779   Thumb Code  1744  printfa.o(i._printf_core)
    i._printf_core                           0x0800d778   Section        0  printfa.o(i._printf_core)
    _printf_post_padding                     0x0800de55   Thumb Code    36  printfa.o(i._printf_post_padding)
    i._printf_post_padding                   0x0800de54   Section        0  printfa.o(i._printf_post_padding)
    _printf_pre_padding                      0x0800de79   Thumb Code    46  printfa.o(i._printf_pre_padding)
    i._printf_pre_padding                    0x0800de78   Section        0  printfa.o(i._printf_pre_padding)
    HAL_RCC_GetSysClockFreq.aPLLMULFactorTable 0x0800debe   Data          16  stm32f1xx_hal_rcc.o(.rodata.HAL_RCC_GetSysClockFreq.aPLLMULFactorTable)
    [Anonymous Symbol]                       0x0800debe   Section        0  stm32f1xx_hal_rcc.o(.rodata.HAL_RCC_GetSysClockFreq.aPLLMULFactorTable)
    HAL_RCC_GetSysClockFreq.aPredivFactorTable 0x0800dece   Data           2  stm32f1xx_hal_rcc.o(.rodata.HAL_RCC_GetSysClockFreq.aPredivFactorTable)
    [Anonymous Symbol]                       0x0800dece   Section        0  stm32f1xx_hal_rcc.o(.rodata.HAL_RCC_GetSysClockFreq.aPredivFactorTable)
    .L.str                                   0x0800ded0   Data          54  int_w24c02.o(.rodata.str1.1)
    [Anonymous Symbol]                       0x0800ded0   Section        0  int_w24c02.o(.rodata.str1.1)
    .L.str.2                                 0x0800df06   Data          20  app_update.o(.rodata.str1.1)
    [Anonymous Symbol]                       0x0800df06   Section        0  app_update.o(.rodata.str1.1)
    .L.str.7                                 0x0800df1a   Data          11  app_update.o(.rodata.str1.1)
    .L.str.6                                 0x0800df25   Data          11  app_update.o(.rodata.str1.1)
    .L.str.4                                 0x0800df30   Data          17  app_update.o(.rodata.str1.1)
    .L.str.3                                 0x0800df41   Data          17  app_update.o(.rodata.str1.1)
    .L.str.5                                 0x0800df52   Data          22  app_update.o(.rodata.str1.1)
    .L.str.1                                 0x0800df68   Data           4  app_update.o(.rodata.str1.1)
    .L.str                                   0x0800df6c   Data           4  app_update.o(.rodata.str1.1)
    .data                                    0x20000000   Section        4  stdout.o(.data)
    STACK                                    0x200041d8   Section     1024  startup_stm32f103xe.o(STACK)

    Global Symbols

    Symbol Name                              Value     Ov Type        Size  Object(Section)

    BuildAttributes$$THM_ISAv4$P$D$K$B$S$PE$A:L22UL41UL21$X:L11$S22US41US21$IEEE1$IW$~IW$USESV6$~STKCKD$USESV7$~SHL$OSPACE$ROPI$EBA8$MICROLIB$REQ8$PRES8$EABIv2 0x00000000   Number         0  anon$$obj.o ABSOLUTE
    __cpp_initialize__aeabi_                  - Undefined Weak Reference
    __cxa_finalize                            - Undefined Weak Reference
    __decompress                              - Undefined Weak Reference
    _clock_init                               - Undefined Weak Reference
    _microlib_exit                            - Undefined Weak Reference
    __Vectors_Size                           0x00000130   Number         0  startup_stm32f103xe.o ABSOLUTE
    __Vectors                                0x08008000   Data           4  startup_stm32f103xe.o(RESET)
    __Vectors_End                            0x08008130   Data           0  startup_stm32f103xe.o(RESET)
    __main                                   0x08008131   Thumb Code     0  entry.o(.ARM.Collect$$$$00000000)
    _main_stk                                0x08008131   Thumb Code     0  entry2.o(.ARM.Collect$$$$00000001)
    _main_scatterload                        0x08008135   Thumb Code     0  entry5.o(.ARM.Collect$$$$00000004)
    __main_after_scatterload                 0x08008139   Thumb Code     0  entry5.o(.ARM.Collect$$$$00000004)
    _main_clock                              0x08008139   Thumb Code     0  entry7b.o(.ARM.Collect$$$$00000008)
    _main_cpp_init                           0x08008139   Thumb Code     0  entry8b.o(.ARM.Collect$$$$0000000A)
    _main_init                               0x08008139   Thumb Code     0  entry9a.o(.ARM.Collect$$$$0000000B)
    __rt_final_cpp                           0x08008141   Thumb Code     0  entry10a.o(.ARM.Collect$$$$0000000D)
    __rt_final_exit                          0x08008141   Thumb Code     0  entry11a.o(.ARM.Collect$$$$0000000F)
    Reset_Handler                            0x08008145   Thumb Code     8  startup_stm32f103xe.o(.text)
    ADC1_2_IRQHandler                        0x0800815f   Thumb Code     0  startup_stm32f103xe.o(.text)
    ADC3_IRQHandler                          0x0800815f   Thumb Code     0  startup_stm32f103xe.o(.text)
    CAN1_RX1_IRQHandler                      0x0800815f   Thumb Code     0  startup_stm32f103xe.o(.text)
    CAN1_SCE_IRQHandler                      0x0800815f   Thumb Code     0  startup_stm32f103xe.o(.text)
    DMA1_Channel1_IRQHandler                 0x0800815f   Thumb Code     0  startup_stm32f103xe.o(.text)
    DMA1_Channel2_IRQHandler                 0x0800815f   Thumb Code     0  startup_stm32f103xe.o(.text)
    DMA1_Channel3_IRQHandler                 0x0800815f   Thumb Code     0  startup_stm32f103xe.o(.text)
    DMA1_Channel4_IRQHandler                 0x0800815f   Thumb Code     0  startup_stm32f103xe.o(.text)
    DMA1_Channel5_IRQHandler                 0x0800815f   Thumb Code     0  startup_stm32f103xe.o(.text)
    DMA1_Channel6_IRQHandler                 0x0800815f   Thumb Code     0  startup_stm32f103xe.o(.text)
    DMA1_Channel7_IRQHandler                 0x0800815f   Thumb Code     0  startup_stm32f103xe.o(.text)
    DMA2_Channel1_IRQHandler                 0x0800815f   Thumb Code     0  startup_stm32f103xe.o(.text)
    DMA2_Channel2_IRQHandler                 0x0800815f   Thumb Code     0  startup_stm32f103xe.o(.text)
    DMA2_Channel3_IRQHandler                 0x0800815f   Thumb Code     0  startup_stm32f103xe.o(.text)
    DMA2_Channel4_5_IRQHandler               0x0800815f   Thumb Code     0  startup_stm32f103xe.o(.text)
    EXTI0_IRQHandler                         0x0800815f   Thumb Code     0  startup_stm32f103xe.o(.text)
    EXTI15_10_IRQHandler                     0x0800815f   Thumb Code     0  startup_stm32f103xe.o(.text)
    EXTI1_IRQHandler                         0x0800815f   Thumb Code     0  startup_stm32f103xe.o(.text)
    EXTI2_IRQHandler                         0x0800815f   Thumb Code     0  startup_stm32f103xe.o(.text)
    EXTI3_IRQHandler                         0x0800815f   Thumb Code     0  startup_stm32f103xe.o(.text)
    EXTI4_IRQHandler                         0x0800815f   Thumb Code     0  startup_stm32f103xe.o(.text)
    EXTI9_5_IRQHandler                       0x0800815f   Thumb Code     0  startup_stm32f103xe.o(.text)
    FLASH_IRQHandler                         0x0800815f   Thumb Code     0  startup_stm32f103xe.o(.text)
    FSMC_IRQHandler                          0x0800815f   Thumb Code     0  startup_stm32f103xe.o(.text)
    I2C1_ER_IRQHandler                       0x0800815f   Thumb Code     0  startup_stm32f103xe.o(.text)
    I2C1_EV_IRQHandler                       0x0800815f   Thumb Code     0  startup_stm32f103xe.o(.text)
    I2C2_ER_IRQHandler                       0x0800815f   Thumb Code     0  startup_stm32f103xe.o(.text)
    I2C2_EV_IRQHandler                       0x0800815f   Thumb Code     0  startup_stm32f103xe.o(.text)
    PVD_IRQHandler                           0x0800815f   Thumb Code     0  startup_stm32f103xe.o(.text)
    RCC_IRQHandler                           0x0800815f   Thumb Code     0  startup_stm32f103xe.o(.text)
    RTC_Alarm_IRQHandler                     0x0800815f   Thumb Code     0  startup_stm32f103xe.o(.text)
    RTC_IRQHandler                           0x0800815f   Thumb Code     0  startup_stm32f103xe.o(.text)
    SDIO_IRQHandler                          0x0800815f   Thumb Code     0  startup_stm32f103xe.o(.text)
    SPI1_IRQHandler                          0x0800815f   Thumb Code     0  startup_stm32f103xe.o(.text)
    SPI2_IRQHandler                          0x0800815f   Thumb Code     0  startup_stm32f103xe.o(.text)
    SPI3_IRQHandler                          0x0800815f   Thumb Code     0  startup_stm32f103xe.o(.text)
    TAMPER_IRQHandler                        0x0800815f   Thumb Code     0  startup_stm32f103xe.o(.text)
    TIM1_BRK_IRQHandler                      0x0800815f   Thumb Code     0  startup_stm32f103xe.o(.text)
    TIM1_CC_IRQHandler                       0x0800815f   Thumb Code     0  startup_stm32f103xe.o(.text)
    TIM1_TRG_COM_IRQHandler                  0x0800815f   Thumb Code     0  startup_stm32f103xe.o(.text)
    TIM1_UP_IRQHandler                       0x0800815f   Thumb Code     0  startup_stm32f103xe.o(.text)
    TIM2_IRQHandler                          0x0800815f   Thumb Code     0  startup_stm32f103xe.o(.text)
    TIM3_IRQHandler                          0x0800815f   Thumb Code     0  startup_stm32f103xe.o(.text)
    TIM4_IRQHandler                          0x0800815f   Thumb Code     0  startup_stm32f103xe.o(.text)
    TIM5_IRQHandler                          0x0800815f   Thumb Code     0  startup_stm32f103xe.o(.text)
    TIM6_IRQHandler                          0x0800815f   Thumb Code     0  startup_stm32f103xe.o(.text)
    TIM7_IRQHandler                          0x0800815f   Thumb Code     0  startup_stm32f103xe.o(.text)
    TIM8_BRK_IRQHandler                      0x0800815f   Thumb Code     0  startup_stm32f103xe.o(.text)
    TIM8_CC_IRQHandler                       0x0800815f   Thumb Code     0  startup_stm32f103xe.o(.text)
    TIM8_TRG_COM_IRQHandler                  0x0800815f   Thumb Code     0  startup_stm32f103xe.o(.text)
    TIM8_UP_IRQHandler                       0x0800815f   Thumb Code     0  startup_stm32f103xe.o(.text)
    UART4_IRQHandler                         0x0800815f   Thumb Code     0  startup_stm32f103xe.o(.text)
    UART5_IRQHandler                         0x0800815f   Thumb Code     0  startup_stm32f103xe.o(.text)
    USART2_IRQHandler                        0x0800815f   Thumb Code     0  startup_stm32f103xe.o(.text)
    USART3_IRQHandler                        0x0800815f   Thumb Code     0  startup_stm32f103xe.o(.text)
    USBWakeUp_IRQHandler                     0x0800815f   Thumb Code     0  startup_stm32f103xe.o(.text)
    USB_HP_CAN1_TX_IRQHandler                0x0800815f   Thumb Code     0  startup_stm32f103xe.o(.text)
    USB_LP_CAN1_RX0_IRQHandler               0x0800815f   Thumb Code     0  startup_stm32f103xe.o(.text)
    WWDG_IRQHandler                          0x0800815f   Thumb Code     0  startup_stm32f103xe.o(.text)
    __aeabi_memcpy                           0x08008169   Thumb Code    36  memcpya.o(.text)
    __aeabi_memcpy4                          0x08008169   Thumb Code     0  memcpya.o(.text)
    __aeabi_memcpy8                          0x08008169   Thumb Code     0  memcpya.o(.text)
    __aeabi_memset                           0x0800818d   Thumb Code    14  memseta.o(.text)
    __aeabi_memset4                          0x0800818d   Thumb Code     0  memseta.o(.text)
    __aeabi_memset8                          0x0800818d   Thumb Code     0  memseta.o(.text)
    __aeabi_memclr                           0x0800819b   Thumb Code     4  memseta.o(.text)
    __aeabi_memclr4                          0x0800819b   Thumb Code     0  memseta.o(.text)
    __aeabi_memclr8                          0x0800819b   Thumb Code     0  memseta.o(.text)
    _memset$wrapper                          0x0800819f   Thumb Code    18  memseta.o(.text)
    strstr                                   0x080081b1   Thumb Code    36  strstr.o(.text)
    __aeabi_uidiv                            0x080081d5   Thumb Code     0  uidiv.o(.text)
    __aeabi_uidivmod                         0x080081d5   Thumb Code    44  uidiv.o(.text)
    __aeabi_uldivmod                         0x08008201   Thumb Code    98  uldiv.o(.text)
    __I$use$fp                               0x08008263   Thumb Code     0  iusefp.o(.text)
    __aeabi_dadd                             0x08008263   Thumb Code   322  dadd.o(.text)
    __aeabi_dsub                             0x080083a5   Thumb Code     6  dadd.o(.text)
    __aeabi_drsub                            0x080083ab   Thumb Code     6  dadd.o(.text)
    __aeabi_dmul                             0x080083b1   Thumb Code   228  dmul.o(.text)
    __aeabi_ddiv                             0x08008495   Thumb Code   222  ddiv.o(.text)
    __aeabi_d2ulz                            0x08008573   Thumb Code    48  dfixul.o(.text)
    __aeabi_cdrcmple                         0x080085a5   Thumb Code    48  cdrcmple.o(.text)
    __scatterload                            0x080085d5   Thumb Code    38  init.o(.text)
    __scatterload_rt2                        0x080085d5   Thumb Code     0  init.o(.text)
    __aeabi_llsl                             0x08008605   Thumb Code    30  llshl.o(.text)
    _ll_shift_l                              0x08008605   Thumb Code     0  llshl.o(.text)
    __aeabi_llsr                             0x08008623   Thumb Code    32  llushr.o(.text)
    _ll_ushift_r                             0x08008623   Thumb Code     0  llushr.o(.text)
    __aeabi_lasr                             0x08008643   Thumb Code    36  llsshr.o(.text)
    _ll_sshift_r                             0x08008643   Thumb Code     0  llsshr.o(.text)
    _double_round                            0x08008667   Thumb Code    30  depilogue.o(.text)
    _double_epilogue                         0x08008685   Thumb Code   156  depilogue.o(.text)
    App_update_change_boot_mode              0x080087b1   Thumb Code   322  app_update.o(.text.App_update_change_boot_mode)
    App_update_check_data                    0x080088f5   Thumb Code   216  app_update.o(.text.App_update_check_data)
    App_update_init                          0x080089cd   Thumb Code    94  app_update.o(.text.App_update_init)
    App_update_receive_app_data              0x08008a2d   Thumb Code   254  app_update.o(.text.App_update_receive_app_data)
    App_update_send_update_cmd               0x08008b2d   Thumb Code    32  app_update.o(.text.App_update_send_update_cmd)
    App_update_work                          0x08008b4d   Thumb Code   136  app_update.o(.text.App_update_work)
    BusFault_Handler                         0x08008bd5   Thumb Code     4  stm32f1xx_it.o(.text.BusFault_Handler)
    DebugMon_Handler                         0x08008bd9   Thumb Code     2  stm32f1xx_it.o(.text.DebugMon_Handler)
    Error_Handler                            0x08008bdd   Thumb Code    14  main.o(.text.Error_Handler)
    HAL_CAN_AddTxMessage                     0x08008bed   Thumb Code   342  stm32f1xx_hal_can.o(.text.HAL_CAN_AddTxMessage)
    HAL_CAN_ConfigFilter                     0x08008d45   Thumb Code   378  stm32f1xx_hal_can.o(.text.HAL_CAN_ConfigFilter)
    HAL_CAN_GetRxFifoFillLevel               0x08008ec1   Thumb Code    82  stm32f1xx_hal_can.o(.text.HAL_CAN_GetRxFifoFillLevel)
    HAL_CAN_GetRxMessage                     0x08008f15   Thumb Code   530  stm32f1xx_hal_can.o(.text.HAL_CAN_GetRxMessage)
    HAL_CAN_GetTxMailboxesFreeLevel          0x08009129   Thumb Code   112  stm32f1xx_hal_can.o(.text.HAL_CAN_GetTxMailboxesFreeLevel)
    HAL_CAN_Init                             0x08009199   Thumb Code   478  stm32f1xx_hal_can.o(.text.HAL_CAN_Init)
    HAL_CAN_MspInit                          0x08009379   Thumb Code   152  can.o(.text.HAL_CAN_MspInit)
    HAL_CAN_Start                            0x08009411   Thumb Code   138  stm32f1xx_hal_can.o(.text.HAL_CAN_Start)
    HAL_CRC_Calculate                        0x0800949d   Thumb Code    88  stm32f1xx_hal_crc.o(.text.HAL_CRC_Calculate)
    HAL_CRC_Init                             0x080094f5   Thumb Code    64  stm32f1xx_hal_crc.o(.text.HAL_CRC_Init)
    HAL_CRC_MspInit                          0x08009535   Thumb Code    58  crc.o(.text.HAL_CRC_MspInit)
    HAL_DMA_Abort                            0x08009571   Thumb Code   124  stm32f1xx_hal_dma.o(.text.HAL_DMA_Abort)
    HAL_DMA_Abort_IT                         0x080095ed   Thumb Code   792  stm32f1xx_hal_dma.o(.text.HAL_DMA_Abort_IT)
    HAL_Delay                                0x08009905   Thumb Code    66  stm32f1xx_hal.o(.text.HAL_Delay)
    HAL_GPIO_Init                            0x08009949   Thumb Code   854  stm32f1xx_hal_gpio.o(.text.HAL_GPIO_Init)
    HAL_GPIO_WritePin                        0x08009ca1   Thumb Code    46  stm32f1xx_hal_gpio.o(.text.HAL_GPIO_WritePin)
    HAL_GetTick                              0x08009cd1   Thumb Code    12  stm32f1xx_hal.o(.text.HAL_GetTick)
    HAL_I2C_Init                             0x08009cdd   Thumb Code   676  stm32f1xx_hal_i2c.o(.text.HAL_I2C_Init)
    HAL_I2C_Mem_Write                        0x08009f81   Thumb Code   532  stm32f1xx_hal_i2c.o(.text.HAL_I2C_Mem_Write)
    HAL_I2C_MspInit                          0x0800a195   Thumb Code   126  i2c.o(.text.HAL_I2C_MspInit)
    HAL_IncTick                              0x0800a215   Thumb Code    26  stm32f1xx_hal.o(.text.HAL_IncTick)
    HAL_Init                                 0x0800a231   Thumb Code    38  stm32f1xx_hal.o(.text.HAL_Init)
    HAL_InitTick                             0x0800a259   Thumb Code   112  stm32f1xx_hal.o(.text.HAL_InitTick)
    HAL_MspInit                              0x0800a2c9   Thumb Code   100  stm32f1xx_hal_msp.o(.text.HAL_MspInit)
    HAL_NVIC_EnableIRQ                       0x0800a32d   Thumb Code    20  stm32f1xx_hal_cortex.o(.text.HAL_NVIC_EnableIRQ)
    HAL_NVIC_SetPriority                     0x0800a341   Thumb Code    50  stm32f1xx_hal_cortex.o(.text.HAL_NVIC_SetPriority)
    HAL_NVIC_SetPriorityGrouping             0x0800a375   Thumb Code    16  stm32f1xx_hal_cortex.o(.text.HAL_NVIC_SetPriorityGrouping)
    HAL_NVIC_SystemReset                     0x0800a385   Thumb Code     4  stm32f1xx_hal_cortex.o(.text.HAL_NVIC_SystemReset)
    HAL_RCC_ClockConfig                      0x0800a389   Thumb Code   598  stm32f1xx_hal_rcc.o(.text.HAL_RCC_ClockConfig)
    HAL_RCC_GetHCLKFreq                      0x0800a5e1   Thumb Code    12  stm32f1xx_hal_rcc.o(.text.HAL_RCC_GetHCLKFreq)
    HAL_RCC_GetPCLK1Freq                     0x0800a5ed   Thumb Code    34  stm32f1xx_hal_rcc.o(.text.HAL_RCC_GetPCLK1Freq)
    HAL_RCC_GetPCLK2Freq                     0x0800a611   Thumb Code    34  stm32f1xx_hal_rcc.o(.text.HAL_RCC_GetPCLK2Freq)
    HAL_RCC_GetSysClockFreq                  0x0800a635   Thumb Code   188  stm32f1xx_hal_rcc.o(.text.HAL_RCC_GetSysClockFreq)
    HAL_RCC_OscConfig                        0x0800a6f1   Thumb Code  1658  stm32f1xx_hal_rcc.o(.text.HAL_RCC_OscConfig)
    HAL_SPI_Init                             0x0800ad6d   Thumb Code   250  stm32f1xx_hal_spi.o(.text.HAL_SPI_Init)
    HAL_SPI_MspInit                          0x0800ae69   Thumb Code   152  spi.o(.text.HAL_SPI_MspInit)
    HAL_SPI_Receive                          0x0800af01   Thumb Code   590  stm32f1xx_hal_spi.o(.text.HAL_SPI_Receive)
    HAL_SPI_Transmit                         0x0800b151   Thumb Code   674  stm32f1xx_hal_spi.o(.text.HAL_SPI_Transmit)
    HAL_SPI_TransmitReceive                  0x0800b3f5   Thumb Code   930  stm32f1xx_hal_spi.o(.text.HAL_SPI_TransmitReceive)
    HAL_SYSTICK_Config                       0x0800b799   Thumb Code    16  stm32f1xx_hal_cortex.o(.text.HAL_SYSTICK_Config)
    HAL_UARTEx_ReceiveToIdle_IT              0x0800b7a9   Thumb Code   194  stm32f1xx_hal_uart.o(.text.HAL_UARTEx_ReceiveToIdle_IT)
    HAL_UARTEx_RxEventCallback               0x0800b86d   Thumb Code   168  app_update.o(.text.HAL_UARTEx_RxEventCallback)
    HAL_UART_ErrorCallback                   0x0800b915   Thumb Code     8  stm32f1xx_hal_uart.o(.text.HAL_UART_ErrorCallback)
    HAL_UART_IRQHandler                      0x0800b91d   Thumb Code  1066  stm32f1xx_hal_uart.o(.text.HAL_UART_IRQHandler)
    HAL_UART_Init                            0x0800bd49   Thumb Code   158  stm32f1xx_hal_uart.o(.text.HAL_UART_Init)
    HAL_UART_MspInit                         0x0800bde9   Thumb Code   172  usart.o(.text.HAL_UART_MspInit)
    HAL_UART_RxCpltCallback                  0x0800be95   Thumb Code     8  stm32f1xx_hal_uart.o(.text.HAL_UART_RxCpltCallback)
    HAL_UART_Transmit                        0x0800be9d   Thumb Code   304  stm32f1xx_hal_uart.o(.text.HAL_UART_Transmit)
    HAL_UART_TxCpltCallback                  0x0800bfcd   Thumb Code     8  stm32f1xx_hal_uart.o(.text.HAL_UART_TxCpltCallback)
    HardFault_Handler                        0x0800bfd5   Thumb Code     4  stm32f1xx_it.o(.text.HardFault_Handler)
    Int_CAN_init                             0x0800c529   Thumb Code    72  int_can.o(.text.Int_CAN_init)
    Int_CAN_receive_msg                      0x0800c571   Thumb Code   126  int_can.o(.text.Int_CAN_receive_msg)
    Int_CAN_send                             0x0800c5f1   Thumb Code    88  int_can.o(.text.Int_CAN_send)
    Int_w24c02_write_bytes                   0x0800c649   Thumb Code   394  int_w24c02.o(.text.Int_w24c02_write_bytes)
    Int_w25q128_erase_sector                 0x0800c7d5   Thumb Code    74  int_w25q128.o(.text.Int_w25q128_erase_sector)
    Int_w25q128_read_byte                    0x0800c821   Thumb Code    32  int_w25q128.o(.text.Int_w25q128_read_byte)
    Int_w25q128_start                        0x0800c841   Thumb Code    22  int_w25q128.o(.text.Int_w25q128_start)
    Int_w25q128_stop                         0x0800c859   Thumb Code    22  int_w25q128.o(.text.Int_w25q128_stop)
    Int_w25q128_write_byte                   0x0800c8a1   Thumb Code    32  int_w25q128.o(.text.Int_w25q128_write_byte)
    Int_w25q128_write_data_with_32addr       0x0800c8c1   Thumb Code   100  int_w25q128.o(.text.Int_w25q128_write_data_with_32addr)
    MX_CAN_Init                              0x0800c93d   Thumb Code    78  can.o(.text.MX_CAN_Init)
    MX_CRC_Init                              0x0800c98d   Thumb Code    36  crc.o(.text.MX_CRC_Init)
    MX_GPIO_Init                             0x0800c9b1   Thumb Code   270  gpio.o(.text.MX_GPIO_Init)
    MX_I2C1_Init                             0x0800cac1   Thumb Code    72  i2c.o(.text.MX_I2C1_Init)
    MX_SPI2_Init                             0x0800cb09   Thumb Code    78  spi.o(.text.MX_SPI2_Init)
    MX_USART1_UART_Init                      0x0800cb59   Thumb Code    64  usart.o(.text.MX_USART1_UART_Init)
    MemManage_Handler                        0x0800cb99   Thumb Code     4  stm32f1xx_it.o(.text.MemManage_Handler)
    NMI_Handler                              0x0800cb9d   Thumb Code     4  stm32f1xx_it.o(.text.NMI_Handler)
    PendSV_Handler                           0x0800cc0d   Thumb Code     2  stm32f1xx_it.o(.text.PendSV_Handler)
    SVC_Handler                              0x0800ce9d   Thumb Code     2  stm32f1xx_it.o(.text.SVC_Handler)
    SysTick_Handler                          0x0800cef5   Thumb Code     8  stm32f1xx_it.o(.text.SysTick_Handler)
    SystemClock_Config                       0x0800cefd   Thumb Code   108  main.o(.text.SystemClock_Config)
    SystemInit                               0x0800cf69   Thumb Code     2  system_stm32f1xx.o(.text.SystemInit)
    UART_Start_Receive_IT                    0x0800d271   Thumb Code    98  stm32f1xx_hal_uart.o(.text.UART_Start_Receive_IT)
    USART1_IRQHandler                        0x0800d445   Thumb Code    16  stm32f1xx_it.o(.text.USART1_IRQHandler)
    UsageFault_Handler                       0x0800d455   Thumb Code     4  stm32f1xx_it.o(.text.UsageFault_Handler)
    fputc                                    0x0800d541   Thumb Code    34  usart.o(.text.fputc)
    main                                     0x0800d565   Thumb Code    80  main.o(.text.main)
    __0printf                                0x0800d5b5   Thumb Code    22  printfa.o(i.__0printf)
    __1printf                                0x0800d5b5   Thumb Code     0  printfa.o(i.__0printf)
    __2printf                                0x0800d5b5   Thumb Code     0  printfa.o(i.__0printf)
    __c89printf                              0x0800d5b5   Thumb Code     0  printfa.o(i.__0printf)
    printf                                   0x0800d5b5   Thumb Code     0  printfa.o(i.__0printf)
    __scatterload_copy                       0x0800d5d5   Thumb Code    14  handlers.o(i.__scatterload_copy)
    __scatterload_null                       0x0800d5e3   Thumb Code     2  handlers.o(i.__scatterload_null)
    __scatterload_zeroinit                   0x0800d5e5   Thumb Code    14  handlers.o(i.__scatterload_zeroinit)
    AHBPrescTable                            0x0800dea6   Data          16  system_stm32f1xx.o(.rodata.AHBPrescTable)
    APBPrescTable                            0x0800deb6   Data           8  system_stm32f1xx.o(.rodata.APBPrescTable)
    Region$$Table$$Base                      0x0800df70   Number         0  anon$$obj.o(Region$$Table)
    Region$$Table$$Limit                     0x0800df90   Number         0  anon$$obj.o(Region$$Table)
    __stdout                                 0x20000000   Data           4  stdout.o(.data)
    SystemCoreClock                          0x20000004   Data           4  system_stm32f1xx.o(.data.SystemCoreClock)
    uwTickFreq                               0x20000008   Data           1  stm32f1xx_hal.o(.data.uwTickFreq)
    uwTickPrio                               0x2000000c   Data           4  stm32f1xx_hal.o(.data.uwTickPrio)
    app_data_buff                            0x20000010   Data       16384  app_update.o(.bss.app_data_buff)
    can_rec_msg                              0x20004010   Data         108  app_update.o(.bss.can_rec_msg)
    can_rec_msg_cnt                          0x2000407c   Data           1  app_update.o(.bss.can_rec_msg_cnt)
    can_rec_msg_len                          0x2000407e   Data           2  app_update.o(.bss.can_rec_msg_len)
    can_rec_time                             0x20004080   Data           4  app_update.o(.bss.can_rec_time)
    hcan                                     0x20004084   Data          40  can.o(.bss.hcan)
    hcrc                                     0x200040ac   Data           8  crc.o(.bss.hcrc)
    hi2c1                                    0x200040b4   Data          84  i2c.o(.bss.hi2c1)
    hspi2                                    0x20004108   Data          88  spi.o(.bss.hspi2)
    huart1                                   0x20004160   Data          72  usart.o(.bss.huart1)
    uart_rec_buff                            0x200041a8   Data          32  app_update.o(.bss.uart_rec_buff)
    update_state                             0x200041c8   Data           1  app_update.o(.bss.update_state)
    uwTick                                   0x200041cc   Data           4  stm32f1xx_hal.o(.bss.uwTick)
    w25q128_write_buff                       0x200041d0   Data           8  app_update.o(.bss.w25q128_write_buff)
    __initial_sp                             0x200045d8   Data           0  startup_stm32f103xe.o(STACK)



==============================================================================

Memory Map of the image

  Image Entry point : 0x08008131

  Load Region LR_IROM1 (Base: 0x08008000, Size: 0x00005fa0, Max: 0x00078000, ABSOLUTE)

    Execution Region ER_IROM1 (Exec base: 0x08008000, Load base: 0x08008000, Size: 0x00005f90, Max: 0x00078000, ABSOLUTE)

    Exec Addr    Load Addr    Size         Type   Attr      Idx    E Section Name        Object

    0x08008000   0x08008000   0x00000130   Data   RO            3    RESET               startup_stm32f103xe.o
    0x08008130   0x08008130   0x00000000   Code   RO         1157  * .ARM.Collect$$$$00000000  mc_w.l(entry.o)
    0x08008130   0x08008130   0x00000004   Code   RO         1196    .ARM.Collect$$$$00000001  mc_w.l(entry2.o)
    0x08008134   0x08008134   0x00000004   Code   RO         1199    .ARM.Collect$$$$00000004  mc_w.l(entry5.o)
    0x08008138   0x08008138   0x00000000   Code   RO         1201    .ARM.Collect$$$$00000008  mc_w.l(entry7b.o)
    0x08008138   0x08008138   0x00000000   Code   RO         1203    .ARM.Collect$$$$0000000A  mc_w.l(entry8b.o)
    0x08008138   0x08008138   0x00000008   Code   RO         1204    .ARM.Collect$$$$0000000B  mc_w.l(entry9a.o)
    0x08008140   0x08008140   0x00000000   Code   RO         1206    .ARM.Collect$$$$0000000D  mc_w.l(entry10a.o)
    0x08008140   0x08008140   0x00000000   Code   RO         1208    .ARM.Collect$$$$0000000F  mc_w.l(entry11a.o)
    0x08008140   0x08008140   0x00000004   Code   RO         1197    .ARM.Collect$$$$00002712  mc_w.l(entry2.o)
    0x08008144   0x08008144   0x00000024   Code   RO            4    .text               startup_stm32f103xe.o
    0x08008168   0x08008168   0x00000024   Code   RO         1160    .text               mc_w.l(memcpya.o)
    0x0800818c   0x0800818c   0x00000024   Code   RO         1162    .text               mc_w.l(memseta.o)
    0x080081b0   0x080081b0   0x00000024   Code   RO         1164    .text               mc_w.l(strstr.o)
    0x080081d4   0x080081d4   0x0000002c   Code   RO         1220    .text               mc_w.l(uidiv.o)
    0x08008200   0x08008200   0x00000062   Code   RO         1222    .text               mc_w.l(uldiv.o)
    0x08008262   0x08008262   0x00000000   Code   RO         1224    .text               mc_w.l(iusefp.o)
    0x08008262   0x08008262   0x0000014e   Code   RO         1225    .text               mf_w.l(dadd.o)
    0x080083b0   0x080083b0   0x000000e4   Code   RO         1227    .text               mf_w.l(dmul.o)
    0x08008494   0x08008494   0x000000de   Code   RO         1229    .text               mf_w.l(ddiv.o)
    0x08008572   0x08008572   0x00000030   Code   RO         1231    .text               mf_w.l(dfixul.o)
    0x080085a2   0x080085a2   0x00000002   PAD
    0x080085a4   0x080085a4   0x00000030   Code   RO         1233    .text               mf_w.l(cdrcmple.o)
    0x080085d4   0x080085d4   0x00000030   Code   RO         1235    .text               mc_w.l(init.o)
    0x08008604   0x08008604   0x0000001e   Code   RO         1237    .text               mc_w.l(llshl.o)
    0x08008622   0x08008622   0x00000020   Code   RO         1239    .text               mc_w.l(llushr.o)
    0x08008642   0x08008642   0x00000024   Code   RO         1241    .text               mc_w.l(llsshr.o)
    0x08008666   0x08008666   0x000000ba   Code   RO         1243    .text               mf_w.l(depilogue.o)
    0x08008720   0x08008720   0x0000003a   Code   RO         1134    .text.App_crc_cal   app_update.o
    0x0800875a   0x0800875a   0x00000002   PAD
    0x0800875c   0x0800875c   0x00000054   Code   RO         1140    .text.App_run       app_update.o
    0x080087b0   0x080087b0   0x00000142   Code   RO         1136    .text.App_update_change_boot_mode  app_update.o
    0x080088f2   0x080088f2   0x00000002   PAD
    0x080088f4   0x080088f4   0x000000d8   Code   RO         1132    .text.App_update_check_data  app_update.o
    0x080089cc   0x080089cc   0x0000005e   Code   RO         1126    .text.App_update_init  app_update.o
    0x08008a2a   0x08008a2a   0x00000002   PAD
    0x08008a2c   0x08008a2c   0x000000fe   Code   RO         1130    .text.App_update_receive_app_data  app_update.o
    0x08008b2a   0x08008b2a   0x00000002   PAD
    0x08008b2c   0x08008b2c   0x00000020   Code   RO         1128    .text.App_update_send_update_cmd  app_update.o
    0x08008b4c   0x08008b4c   0x00000088   Code   RO         1138    .text.App_update_work  app_update.o
    0x08008bd4   0x08008bd4   0x00000004   Code   RO          111    .text.BusFault_Handler  stm32f1xx_it.o
    0x08008bd8   0x08008bd8   0x00000002   Code   RO          117    .text.DebugMon_Handler  stm32f1xx_it.o
    0x08008bda   0x08008bda   0x00000002   PAD
    0x08008bdc   0x08008bdc   0x0000000e   Code   RO           15    .text.Error_Handler  main.o
    0x08008bea   0x08008bea   0x00000002   PAD
    0x08008bec   0x08008bec   0x00000156   Code   RO          173    .text.HAL_CAN_AddTxMessage  stm32f1xx_hal_can.o
    0x08008d42   0x08008d42   0x00000002   PAD
    0x08008d44   0x08008d44   0x0000017a   Code   RO          163    .text.HAL_CAN_ConfigFilter  stm32f1xx_hal_can.o
    0x08008ebe   0x08008ebe   0x00000002   PAD
    0x08008ec0   0x08008ec0   0x00000052   Code   RO          185    .text.HAL_CAN_GetRxFifoFillLevel  stm32f1xx_hal_can.o
    0x08008f12   0x08008f12   0x00000002   PAD
    0x08008f14   0x08008f14   0x00000212   Code   RO          183    .text.HAL_CAN_GetRxMessage  stm32f1xx_hal_can.o
    0x08009126   0x08009126   0x00000002   PAD
    0x08009128   0x08009128   0x00000070   Code   RO          177    .text.HAL_CAN_GetTxMailboxesFreeLevel  stm32f1xx_hal_can.o
    0x08009198   0x08009198   0x000001de   Code   RO          153    .text.HAL_CAN_Init  stm32f1xx_hal_can.o
    0x08009376   0x08009376   0x00000002   PAD
    0x08009378   0x08009378   0x00000098   Code   RO           35    .text.HAL_CAN_MspInit  can.o
    0x08009410   0x08009410   0x0000008a   Code   RO          165    .text.HAL_CAN_Start  stm32f1xx_hal_can.o
    0x0800949a   0x0800949a   0x00000002   PAD
    0x0800949c   0x0800949c   0x00000058   Code   RO          620    .text.HAL_CRC_Calculate  stm32f1xx_hal_crc.o
    0x080094f4   0x080094f4   0x00000040   Code   RO          610    .text.HAL_CRC_Init  stm32f1xx_hal_crc.o
    0x08009534   0x08009534   0x0000003a   Code   RO           49    .text.HAL_CRC_MspInit  crc.o
    0x0800956e   0x0800956e   0x00000002   PAD
    0x08009570   0x08009570   0x0000007c   Code   RO          379    .text.HAL_DMA_Abort  stm32f1xx_hal_dma.o
    0x080095ec   0x080095ec   0x00000318   Code   RO          381    .text.HAL_DMA_Abort_IT  stm32f1xx_hal_dma.o
    0x08009904   0x08009904   0x00000042   Code   RO          252    .text.HAL_Delay     stm32f1xx_hal.o
    0x08009946   0x08009946   0x00000002   PAD
    0x08009948   0x08009948   0x00000356   Code   RO          346    .text.HAL_GPIO_Init  stm32f1xx_hal_gpio.o
    0x08009c9e   0x08009c9e   0x00000002   PAD
    0x08009ca0   0x08009ca0   0x0000002e   Code   RO          352    .text.HAL_GPIO_WritePin  stm32f1xx_hal_gpio.o
    0x08009cce   0x08009cce   0x00000002   PAD
    0x08009cd0   0x08009cd0   0x0000000c   Code   RO          244    .text.HAL_GetTick   stm32f1xx_hal.o
    0x08009cdc   0x08009cdc   0x000002a4   Code   RO          631    .text.HAL_I2C_Init  stm32f1xx_hal_i2c.o
    0x08009f80   0x08009f80   0x00000214   Code   RO          681    .text.HAL_I2C_Mem_Write  stm32f1xx_hal_i2c.o
    0x0800a194   0x0800a194   0x0000007e   Code   RO           63    .text.HAL_I2C_MspInit  i2c.o
    0x0800a212   0x0800a212   0x00000002   PAD
    0x0800a214   0x0800a214   0x0000001a   Code   RO          242    .text.HAL_IncTick   stm32f1xx_hal.o
    0x0800a22e   0x0800a22e   0x00000002   PAD
    0x0800a230   0x0800a230   0x00000026   Code   RO          232    .text.HAL_Init      stm32f1xx_hal.o
    0x0800a256   0x0800a256   0x00000002   PAD
    0x0800a258   0x0800a258   0x00000070   Code   RO          234    .text.HAL_InitTick  stm32f1xx_hal.o
    0x0800a2c8   0x0800a2c8   0x00000064   Code   RO          132    .text.HAL_MspInit   stm32f1xx_hal_msp.o
    0x0800a32c   0x0800a32c   0x00000014   Code   RO          414    .text.HAL_NVIC_EnableIRQ  stm32f1xx_hal_cortex.o
    0x0800a340   0x0800a340   0x00000032   Code   RO          406    .text.HAL_NVIC_SetPriority  stm32f1xx_hal_cortex.o
    0x0800a372   0x0800a372   0x00000002   PAD
    0x0800a374   0x0800a374   0x00000010   Code   RO          402    .text.HAL_NVIC_SetPriorityGrouping  stm32f1xx_hal_cortex.o
    0x0800a384   0x0800a384   0x00000004   Code   RO          422    .text.HAL_NVIC_SystemReset  stm32f1xx_hal_cortex.o
    0x0800a388   0x0800a388   0x00000256   Code   RO          298    .text.HAL_RCC_ClockConfig  stm32f1xx_hal_rcc.o
    0x0800a5de   0x0800a5de   0x00000002   PAD
    0x0800a5e0   0x0800a5e0   0x0000000c   Code   RO          308    .text.HAL_RCC_GetHCLKFreq  stm32f1xx_hal_rcc.o
    0x0800a5ec   0x0800a5ec   0x00000022   Code   RO          310    .text.HAL_RCC_GetPCLK1Freq  stm32f1xx_hal_rcc.o
    0x0800a60e   0x0800a60e   0x00000002   PAD
    0x0800a610   0x0800a610   0x00000022   Code   RO          312    .text.HAL_RCC_GetPCLK2Freq  stm32f1xx_hal_rcc.o
    0x0800a632   0x0800a632   0x00000002   PAD
    0x0800a634   0x0800a634   0x000000bc   Code   RO          300    .text.HAL_RCC_GetSysClockFreq  stm32f1xx_hal_rcc.o
    0x0800a6f0   0x0800a6f0   0x0000067a   Code   RO          294    .text.HAL_RCC_OscConfig  stm32f1xx_hal_rcc.o
    0x0800ad6a   0x0800ad6a   0x00000002   PAD
    0x0800ad6c   0x0800ad6c   0x000000fa   Code   RO          802    .text.HAL_SPI_Init  stm32f1xx_hal_spi.o
    0x0800ae66   0x0800ae66   0x00000002   PAD
    0x0800ae68   0x0800ae68   0x00000098   Code   RO           77    .text.HAL_SPI_MspInit  spi.o
    0x0800af00   0x0800af00   0x0000024e   Code   RO          814    .text.HAL_SPI_Receive  stm32f1xx_hal_spi.o
    0x0800b14e   0x0800b14e   0x00000002   PAD
    0x0800b150   0x0800b150   0x000002a2   Code   RO          810    .text.HAL_SPI_Transmit  stm32f1xx_hal_spi.o
    0x0800b3f2   0x0800b3f2   0x00000002   PAD
    0x0800b3f4   0x0800b3f4   0x000003a2   Code   RO          816    .text.HAL_SPI_TransmitReceive  stm32f1xx_hal_spi.o
    0x0800b796   0x0800b796   0x00000002   PAD
    0x0800b798   0x0800b798   0x00000010   Code   RO          426    .text.HAL_SYSTICK_Config  stm32f1xx_hal_cortex.o
    0x0800b7a8   0x0800b7a8   0x000000c2   Code   RO          971    .text.HAL_UARTEx_ReceiveToIdle_IT  stm32f1xx_hal_uart.o
    0x0800b86a   0x0800b86a   0x00000002   PAD
    0x0800b86c   0x0800b86c   0x000000a8   Code   RO         1124    .text.HAL_UARTEx_RxEventCallback  app_update.o
    0x0800b914   0x0800b914   0x00000008   Code   RO         1009    .text.HAL_UART_ErrorCallback  stm32f1xx_hal_uart.o
    0x0800b91c   0x0800b91c   0x0000042a   Code   RO         1003    .text.HAL_UART_IRQHandler  stm32f1xx_hal_uart.o
    0x0800bd46   0x0800bd46   0x00000002   PAD
    0x0800bd48   0x0800bd48   0x0000009e   Code   RO          919    .text.HAL_UART_Init  stm32f1xx_hal_uart.o
    0x0800bde6   0x0800bde6   0x00000002   PAD
    0x0800bde8   0x0800bde8   0x000000ac   Code   RO           91    .text.HAL_UART_MspInit  usart.o
    0x0800be94   0x0800be94   0x00000008   Code   RO         1021    .text.HAL_UART_RxCpltCallback  stm32f1xx_hal_uart.o
    0x0800be9c   0x0800be9c   0x00000130   Code   RO          935    .text.HAL_UART_Transmit  stm32f1xx_hal_uart.o
    0x0800bfcc   0x0800bfcc   0x00000008   Code   RO         1017    .text.HAL_UART_TxCpltCallback  stm32f1xx_hal_uart.o
    0x0800bfd4   0x0800bfd4   0x00000004   Code   RO          107    .text.HardFault_Handler  stm32f1xx_it.o
    0x0800bfd8   0x0800bfd8   0x00000064   Code   RO          793    .text.I2C_IsAcknowledgeFailed  stm32f1xx_hal_i2c.o
    0x0800c03c   0x0800c03c   0x0000013a   Code   RO          683    .text.I2C_RequestMemoryWrite  stm32f1xx_hal_i2c.o
    0x0800c176   0x0800c176   0x00000002   PAD
    0x0800c178   0x0800c178   0x000000ac   Code   RO          647    .text.I2C_WaitOnBTFFlagUntilTimeout  stm32f1xx_hal_i2c.o
    0x0800c224   0x0800c224   0x00000108   Code   RO          641    .text.I2C_WaitOnFlagUntilTimeout  stm32f1xx_hal_i2c.o
    0x0800c32c   0x0800c32c   0x00000154   Code   RO          791    .text.I2C_WaitOnMasterAddressFlagUntilTimeout  stm32f1xx_hal_i2c.o
    0x0800c480   0x0800c480   0x000000a8   Code   RO          645    .text.I2C_WaitOnTXEFlagUntilTimeout  stm32f1xx_hal_i2c.o
    0x0800c528   0x0800c528   0x00000048   Code   RO         1064    .text.Int_CAN_init  int_can.o
    0x0800c570   0x0800c570   0x0000007e   Code   RO         1068    .text.Int_CAN_receive_msg  int_can.o
    0x0800c5ee   0x0800c5ee   0x00000002   PAD
    0x0800c5f0   0x0800c5f0   0x00000058   Code   RO         1066    .text.Int_CAN_send  int_can.o
    0x0800c648   0x0800c648   0x0000018a   Code   RO         1083    .text.Int_w24c02_write_bytes  int_w24c02.o
    0x0800c7d2   0x0800c7d2   0x00000002   PAD
    0x0800c7d4   0x0800c7d4   0x0000004a   Code   RO         1115    .text.Int_w25q128_erase_sector  int_w25q128.o
    0x0800c81e   0x0800c81e   0x00000002   PAD
    0x0800c820   0x0800c820   0x00000020   Code   RO         1099    .text.Int_w25q128_read_byte  int_w25q128.o
    0x0800c840   0x0800c840   0x00000016   Code   RO         1093    .text.Int_w25q128_start  int_w25q128.o
    0x0800c856   0x0800c856   0x00000002   PAD
    0x0800c858   0x0800c858   0x00000016   Code   RO         1095    .text.Int_w25q128_stop  int_w25q128.o
    0x0800c86e   0x0800c86e   0x00000002   PAD
    0x0800c870   0x0800c870   0x0000002e   Code   RO         1105    .text.Int_w25q128_wait_busy  int_w25q128.o
    0x0800c89e   0x0800c89e   0x00000002   PAD
    0x0800c8a0   0x0800c8a0   0x00000020   Code   RO         1097    .text.Int_w25q128_write_byte  int_w25q128.o
    0x0800c8c0   0x0800c8c0   0x00000064   Code   RO         1113    .text.Int_w25q128_write_data_with_32addr  int_w25q128.o
    0x0800c924   0x0800c924   0x00000016   Code   RO         1111    .text.Int_w25q128_write_enable  int_w25q128.o
    0x0800c93a   0x0800c93a   0x00000002   PAD
    0x0800c93c   0x0800c93c   0x0000004e   Code   RO           33    .text.MX_CAN_Init   can.o
    0x0800c98a   0x0800c98a   0x00000002   PAD
    0x0800c98c   0x0800c98c   0x00000024   Code   RO           47    .text.MX_CRC_Init   crc.o
    0x0800c9b0   0x0800c9b0   0x0000010e   Code   RO           25    .text.MX_GPIO_Init  gpio.o
    0x0800cabe   0x0800cabe   0x00000002   PAD
    0x0800cac0   0x0800cac0   0x00000048   Code   RO           61    .text.MX_I2C1_Init  i2c.o
    0x0800cb08   0x0800cb08   0x0000004e   Code   RO           75    .text.MX_SPI2_Init  spi.o
    0x0800cb56   0x0800cb56   0x00000002   PAD
    0x0800cb58   0x0800cb58   0x00000040   Code   RO           89    .text.MX_USART1_UART_Init  usart.o
    0x0800cb98   0x0800cb98   0x00000004   Code   RO          109    .text.MemManage_Handler  stm32f1xx_it.o
    0x0800cb9c   0x0800cb9c   0x00000004   Code   RO          105    .text.NMI_Handler   stm32f1xx_it.o
    0x0800cba0   0x0800cba0   0x0000006c   Code   RO          412    .text.NVIC_EncodePriority  stm32f1xx_hal_cortex.o
    0x0800cc0c   0x0800cc0c   0x00000002   Code   RO          119    .text.PendSV_Handler  stm32f1xx_it.o
    0x0800cc0e   0x0800cc0e   0x00000002   PAD
    0x0800cc10   0x0800cc10   0x0000003a   Code   RO          296    .text.RCC_Delay     stm32f1xx_hal_rcc.o
    0x0800cc4a   0x0800cc4a   0x00000002   PAD
    0x0800cc4c   0x0800cc4c   0x000000b8   Code   RO          818    .text.SPI_EndRxTransaction  stm32f1xx_hal_spi.o
    0x0800cd04   0x0800cd04   0x0000006a   Code   RO          812    .text.SPI_EndRxTxTransaction  stm32f1xx_hal_spi.o
    0x0800cd6e   0x0800cd6e   0x00000002   PAD
    0x0800cd70   0x0800cd70   0x0000012a   Code   RO          910    .text.SPI_WaitFlagStateUntilTimeout  stm32f1xx_hal_spi.o
    0x0800ce9a   0x0800ce9a   0x00000002   PAD
    0x0800ce9c   0x0800ce9c   0x00000002   Code   RO          115    .text.SVC_Handler   stm32f1xx_it.o
    0x0800ce9e   0x0800ce9e   0x00000002   PAD
    0x0800cea0   0x0800cea0   0x00000052   Code   RO          428    .text.SysTick_Config  stm32f1xx_hal_cortex.o
    0x0800cef2   0x0800cef2   0x00000002   PAD
    0x0800cef4   0x0800cef4   0x00000008   Code   RO          121    .text.SysTick_Handler  stm32f1xx_it.o
    0x0800cefc   0x0800cefc   0x0000006c   Code   RO           13    .text.SystemClock_Config  main.o
    0x0800cf68   0x0800cf68   0x00000002   Code   RO         1050    .text.SystemInit    system_stm32f1xx.o
    0x0800cf6a   0x0800cf6a   0x00000002   PAD
    0x0800cf6c   0x0800cf6c   0x00000020   Code   RO         1007    .text.UART_DMAAbortOnError  stm32f1xx_hal_uart.o
    0x0800cf8c   0x0800cf8c   0x00000094   Code   RO          967    .text.UART_EndRxTransfer  stm32f1xx_hal_uart.o
    0x0800d020   0x0800d020   0x00000026   Code   RO         1015    .text.UART_EndTransmit_IT  stm32f1xx_hal_uart.o
    0x0800d046   0x0800d046   0x00000002   PAD
    0x0800d048   0x0800d048   0x0000016a   Code   RO         1005    .text.UART_Receive_IT  stm32f1xx_hal_uart.o
    0x0800d1b2   0x0800d1b2   0x00000002   PAD
    0x0800d1b4   0x0800d1b4   0x000000ba   Code   RO          923    .text.UART_SetConfig  stm32f1xx_hal_uart.o
    0x0800d26e   0x0800d26e   0x00000002   PAD
    0x0800d270   0x0800d270   0x00000062   Code   RO          945    .text.UART_Start_Receive_IT  stm32f1xx_hal_uart.o
    0x0800d2d2   0x0800d2d2   0x00000002   PAD
    0x0800d2d4   0x0800d2d4   0x00000094   Code   RO         1013    .text.UART_Transmit_IT  stm32f1xx_hal_uart.o
    0x0800d368   0x0800d368   0x000000da   Code   RO          937    .text.UART_WaitOnFlagUntilTimeout  stm32f1xx_hal_uart.o
    0x0800d442   0x0800d442   0x00000002   PAD
    0x0800d444   0x0800d444   0x00000010   Code   RO          123    .text.USART1_IRQHandler  stm32f1xx_it.o
    0x0800d454   0x0800d454   0x00000004   Code   RO          113    .text.UsageFault_Handler  stm32f1xx_it.o
    0x0800d458   0x0800d458   0x00000030   Code   RO          416    .text.__NVIC_EnableIRQ  stm32f1xx_hal_cortex.o
    0x0800d488   0x0800d488   0x00000010   Code   RO          408    .text.__NVIC_GetPriorityGrouping  stm32f1xx_hal_cortex.o
    0x0800d498   0x0800d498   0x00000042   Code   RO          410    .text.__NVIC_SetPriority  stm32f1xx_hal_cortex.o
    0x0800d4da   0x0800d4da   0x00000002   PAD
    0x0800d4dc   0x0800d4dc   0x0000003c   Code   RO          404    .text.__NVIC_SetPriorityGrouping  stm32f1xx_hal_cortex.o
    0x0800d518   0x0800d518   0x00000026   Code   RO          424    .text.__NVIC_SystemReset  stm32f1xx_hal_cortex.o
    0x0800d53e   0x0800d53e   0x00000002   PAD
    0x0800d540   0x0800d540   0x00000022   Code   RO           95    .text.fputc         usart.o
    0x0800d562   0x0800d562   0x00000002   PAD
    0x0800d564   0x0800d564   0x00000050   Code   RO           11    .text.main          main.o
    0x0800d5b4   0x0800d5b4   0x00000020   Code   RO         1169    i.__0printf         mc_w.l(printfa.o)
    0x0800d5d4   0x0800d5d4   0x0000000e   Code   RO         1247    i.__scatterload_copy  mc_w.l(handlers.o)
    0x0800d5e2   0x0800d5e2   0x00000002   Code   RO         1248    i.__scatterload_null  mc_w.l(handlers.o)
    0x0800d5e4   0x0800d5e4   0x0000000e   Code   RO         1249    i.__scatterload_zeroinit  mc_w.l(handlers.o)
    0x0800d5f2   0x0800d5f2   0x00000002   PAD
    0x0800d5f4   0x0800d5f4   0x00000184   Code   RO         1176    i._fp_digits        mc_w.l(printfa.o)
    0x0800d778   0x0800d778   0x000006dc   Code   RO         1177    i._printf_core      mc_w.l(printfa.o)
    0x0800de54   0x0800de54   0x00000024   Code   RO         1178    i._printf_post_padding  mc_w.l(printfa.o)
    0x0800de78   0x0800de78   0x0000002e   Code   RO         1179    i._printf_pre_padding  mc_w.l(printfa.o)
    0x0800dea6   0x0800dea6   0x00000010   Data   RO         1055    .rodata.AHBPrescTable  system_stm32f1xx.o
    0x0800deb6   0x0800deb6   0x00000008   Data   RO         1056    .rodata.APBPrescTable  system_stm32f1xx.o
    0x0800debe   0x0800debe   0x00000010   Data   RO          322    .rodata.HAL_RCC_GetSysClockFreq.aPLLMULFactorTable  stm32f1xx_hal_rcc.o
    0x0800dece   0x0800dece   0x00000002   Data   RO          323    .rodata.HAL_RCC_GetSysClockFreq.aPredivFactorTable  stm32f1xx_hal_rcc.o
    0x0800ded0   0x0800ded0   0x00000036   Data   RO         1085    .rodata.str1.1      int_w24c02.o
    0x0800df06   0x0800df06   0x0000006a   Data   RO         1149    .rodata.str1.1      app_update.o
    0x0800df70   0x0800df70   0x00000020   Data   RO         1246    Region$$Table       anon$$obj.o


    Execution Region RW_IRAM1 (Exec base: 0x20000000, Load base: 0x0800df90, Size: 0x000045d8, Max: 0x00010000, ABSOLUTE)

    Exec Addr    Load Addr    Size         Type   Attr      Idx    E Section Name        Object

    0x20000000   0x0800df90   0x00000004   Data   RW         1210    .data               mc_w.l(stdout.o)
    0x20000004   0x0800df94   0x00000004   Data   RW         1054    .data.SystemCoreClock  system_stm32f1xx.o
    0x20000008   0x0800df98   0x00000001   Data   RW          283    .data.uwTickFreq    stm32f1xx_hal.o
    0x20000009   0x0800df99   0x00000003   PAD
    0x2000000c   0x0800df9c   0x00000004   Data   RW          282    .data.uwTickPrio    stm32f1xx_hal.o
    0x20000010        -       0x00004000   Zero   RW         1144    .bss.app_data_buff  app_update.o
    0x20004010        -       0x0000006c   Zero   RW         1145    .bss.can_rec_msg    app_update.o
    0x2000407c        -       0x00000001   Zero   RW         1146    .bss.can_rec_msg_cnt  app_update.o
    0x2000407d   0x0800dfa0   0x00000001   PAD
    0x2000407e        -       0x00000002   Zero   RW         1147    .bss.can_rec_msg_len  app_update.o
    0x20004080        -       0x00000004   Zero   RW         1148    .bss.can_rec_time   app_update.o
    0x20004084        -       0x00000028   Zero   RW           39    .bss.hcan           can.o
    0x200040ac        -       0x00000008   Zero   RW           53    .bss.hcrc           crc.o
    0x200040b4        -       0x00000054   Zero   RW           67    .bss.hi2c1          i2c.o
    0x20004108        -       0x00000058   Zero   RW           81    .bss.hspi2          spi.o
    0x20004160        -       0x00000048   Zero   RW           97    .bss.huart1         usart.o
    0x200041a8        -       0x00000020   Zero   RW         1142    .bss.uart_rec_buff  app_update.o
    0x200041c8        -       0x00000001   Zero   RW         1143    .bss.update_state   app_update.o
    0x200041c9   0x0800dfa0   0x00000003   PAD
    0x200041cc        -       0x00000004   Zero   RW          284    .bss.uwTick         stm32f1xx_hal.o
    0x200041d0        -       0x00000008   Zero   RW         1150    .bss.w25q128_write_buff  app_update.o
    0x200041d8        -       0x00000400   Zero   RW            1    STACK               startup_stm32f103xe.o


==============================================================================

Image component sizes


      Code (inc. data)   RO Data    RW Data    ZI Data      Debug   Object Name

      1364          6        106          0      16540       6225   app_update.o
       230          0          0          0         40       3610   can.o
        94          0          0          0          8       2006   crc.o
       270          0          0          0          0       1561   gpio.o
       198          0          0          0         84       4259   i2c.o
       286          0          0          0          0       2193   int_can.o
       394          0         54          0          0       1546   int_w24c02.o
       350          0          0          0          0       3307   int_w25q128.o
       202          0          0          0          0       2292   main.o
       230          0          0          0         88       4094   spi.o
        36          8        304          0       1024        788   startup_stm32f103xe.o
       254          0          0          5          4       5882   stm32f1xx_hal.o
      2060          0          0          0          0      11366   stm32f1xx_hal_can.o
       524          0          0          0          0       7868   stm32f1xx_hal_cortex.o
       152          0          0          0          0       2731   stm32f1xx_hal_crc.o
       916          0          0          0          0       7327   stm32f1xx_hal_dma.o
       900          0          0          0          0       4254   stm32f1xx_hal_gpio.o
      2566          0          0          0          0      37548   stm32f1xx_hal_i2c.o
       100          0          0          0          0       1190   stm32f1xx_hal_msp.o
      2582          0         18          0          0       7417   stm32f1xx_hal_rcc.o
      3032          0          0          0          0      18942   stm32f1xx_hal_spi.o
      2976          0          0          0          0      20043   stm32f1xx_hal_uart.o
        50          0          0          0          0       1101   stm32f1xx_it.o
         2          0         24          4          0       1559   system_stm32f1xx.o
       270          0          0          0         72       5888   usart.o

    ----------------------------------------------------------------------
     20152         14        538         12      17864     164997   Object Totals
         0          0         32          0          0          0   (incl. Generated)
       114          0          0          3          4          0   (incl. Padding)

    ----------------------------------------------------------------------

      Code (inc. data)   RO Data    RW Data    ZI Data      Debug   Library Member Name

         0          0          0          0          0          0   entry.o
         0          0          0          0          0          0   entry10a.o
         0          0          0          0          0          0   entry11a.o
         8          4          0          0          0          0   entry2.o
         4          0          0          0          0          0   entry5.o
         0          0          0          0          0          0   entry7b.o
         0          0          0          0          0          0   entry8b.o
         8          4          0          0          0          0   entry9a.o
        30          0          0          0          0          0   handlers.o
        48         10          0          0          0         68   init.o
         0          0          0          0          0          0   iusefp.o
        30          0          0          0          0         68   llshl.o
        36          0          0          0          0         68   llsshr.o
        32          0          0          0          0         68   llushr.o
        36          0          0          0          0         68   memcpya.o
        36          0          0          0          0        108   memseta.o
      2258         90          0          0          0        452   printfa.o
         0          0          0          4          0          0   stdout.o
        36          0          0          0          0         80   strstr.o
        44          0          0          0          0         80   uidiv.o
        98          0          0          0          0         92   uldiv.o
        48          0          0          0          0         68   cdrcmple.o
       334          0          0          0          0        148   dadd.o
       222          0          0          0          0        100   ddiv.o
       186          0          0          0          0        176   depilogue.o
        48          0          0          0          0         68   dfixul.o
       228          0          0          0          0         96   dmul.o

    ----------------------------------------------------------------------
      3774        108          0          4          0       1808   Library Totals
         4          0          0          0          0          0   (incl. Padding)

    ----------------------------------------------------------------------

      Code (inc. data)   RO Data    RW Data    ZI Data      Debug   Library Name

      2704        108          0          4          0       1152   mc_w.l
      1066          0          0          0          0        656   mf_w.l

    ----------------------------------------------------------------------
      3774        108          0          4          0       1808   Library Totals

    ----------------------------------------------------------------------

==============================================================================


      Code (inc. data)   RO Data    RW Data    ZI Data      Debug   

     23926        122        538         16      17864     165561   Grand Totals
     23926        122        538         16      17864     165561   ELF Image Totals
     23926        122        538         16          0          0   ROM Totals

==============================================================================

    Total RO  Size (Code + RO Data)                24464 (  23.89kB)
    Total RW  Size (RW Data + ZI Data)             17880 (  17.46kB)
    Total ROM Size (Code + RO Data + RW Data)      24480 (  23.91kB)

==============================================================================

